[
	{
		"queries": "a",
		"results": [
			{
				"where": "text/rfcs/rfc6805.txt",
				"count": 1189,
				"score": 0.121513
			}
		]
	},
	{
		"queries": "a b",
		"results": [
			{
				"where": "text/rfcs/rfc6805.txt",
				"count": 1566,
				"score": 0.160041
			}
		]
	},
	{
		"queries": "a b c",
		"results": [
			{
				"where": "text/rfcs/rfc6805.txt",
				"count": 2234,
				"score": 0.228309
			}
		]
	},
	{
		"queries": "a b c d",
		"results": [
			{
				"where": "text/rfcs/rfc6805.txt",
				"count": 2837,
				"score": 0.289934
			}
		]
	},
	{
		"queries": "a b c d e",
		"results": [
			{
				"where": "text/rfcs/rfc6805.txt",
				"count": 3146,
				"score": 0.321513
			}
		]
	},
	{
		"queries": "a b c d e f",
		"results": [
			{
				"where": "text/rfcs/rfc6805.txt",
				"count": 3486,
				"score": 0.356260
			}
		]
	},
	{
		"queries": "a b c d e f g",
		"results": [
			{
				"where": "text/rfcs/rfc6805.txt",
				"count": 3547,
				"score": 0.362494
			}
		]
	},
	{
		"queries": "a b c d e f g h",
		"results": [
			{
				"where": "text/rfcs/rfc6805.txt",
				"count": 3730,
				"score": 0.381196
			}
		]
	},
	{
		"queries": "a b c d e f g h i",
		"results": [
			{
				"where": "text/rfcs/rfc6805.txt",
				"count": 4583,
				"score": 0.468370
			}
		]
	},
	{
		"queries": "a b c d e f g h i j",
		"results": [
			{
				"where": "text/rfcs/rfc6805.txt",
				"count": 4610,
				"score": 0.471129
			}
		]
	},
	{
		"queries": "aa ab ac ad ae af ag ah ai aj ak al am",
		"results": [
			{
				"where": "text/rfcs/rfc6805.txt",
				"count": 201,
				"score": 0.020542
			}
		]
	},
	{
		"queries": "aa ae ai ao au",
		"results": [
			{
				"where": "text/rfcs/rfc6805.txt",
				"count": 25,
				"score": 0.002555
			}
		]
	},
	{
		"queries": "aa ee ii oo uu",
		"results": [
		]
	},
	{
		"queries": "an ao ap aq ar as at au av aw ax ay az",
		"results": [
			{
				"where": "text/rfcs/rfc6805.txt",
				"count": 702,
				"score": 0.071742
			}
		]
	},
	{
		"queries": "b",
		"results": [
			{
				"where": "text/rfcs/rfc6805.txt",
				"count": 377,
				"score": 0.038528
			}
		]
	},
	{
		"queries": "ba bb bc bd be bf bg bh bi bj bk bl bm",
		"results": [
			{
				"where": "text/rfcs/rfc6805.txt",
				"count": 232,
				"score": 0.023710
			}
		]
	},
	{
		"queries": "ba be bi bo bu",
		"results": [
			{
				"where": "text/rfcs/rfc6805.txt",
				"count": 254,
				"score": 0.025958
			}
		]
	},
	{
		"queries": "bn bo bp bq br bs bt bu bv bw bx by bz",
		"results": [
			{
				"where": "text/rfcs/rfc6805.txt",
				"count": 145,
				"score": 0.014819
			}
		]
	},
	{
		"queries": "c",
		"results": [
			{
				"where": "text/rfcs/rfc6805.txt",
				"count": 668,
				"score": 0.068268
			}
		]
	},
	{
		"queries": "c d",
		"results": [
			{
				"where": "text/rfcs/rfc6805.txt",
				"count": 1271,
				"score": 0.129893
			}
		]
	},
	{
		"queries": "ca cb cc cd ce cf cg ch ci cj ck cl cm",
		"results": [
			{
				"where": "text/rfcs/rfc6805.txt",
				"count": 253,
				"score": 0.025856
			}
		]
	},
	{
		"queries": "ca ce ci co cu",
		"results": [
			{
				"where": "text/rfcs/rfc6805.txt",
				"count": 503,
				"score": 0.051405
			}
		]
	},
	{
		"queries": "cn co cp cq cr cs ct cu cv cw cx cy cz",
		"results": [
			{
				"where": "text/rfcs/rfc6805.txt",
				"count": 414,
				"score": 0.042310
			}
		]
	},
	{
		"queries": "d",
		"results": [
			{
				"where": "text/rfcs/rfc6805.txt",
				"count": 603,
				"score": 0.061625
			}
		]
	},
	{
		"queries": "d e f",
		"results": [
			{
				"where": "text/rfcs/rfc6805.txt",
				"count": 1252,
				"score": 0.127951
			}
		]
	},
	{
		"queries": "da db dc dd de df dg dh di dj dk dl dm",
		"results": [
			{
				"where": "text/rfcs/rfc6805.txt",
				"count": 199,
				"score": 0.020337
			}
		]
	},
	{
		"queries": "da de di do du",
		"results": [
			{
				"where": "text/rfcs/rfc6805.txt",
				"count": 589,
				"score": 0.060194
			}
		]
	},
	{
		"queries": "dn do dp dq dr ds dt du dv dw dx dy dz",
		"results": [
			{
				"where": "text/rfcs/rfc6805.txt",
				"count": 393,
				"score": 0.040164
			}
		]
	},
	{
		"queries": "e",
		"results": [
			{
				"where": "text/rfcs/rfc6805.txt",
				"count": 309,
				"score": 0.031579
			}
		]
	},
	{
		"queries": "e f",
		"results": [
			{
				"where": "text/rfcs/rfc6805.txt",
				"count": 649,
				"score": 0.066326
			}
		]
	},
	{
		"queries": "e f g h",
		"results": [
			{
				"where": "text/rfcs/rfc6805.txt",
				"count": 893,
				"score": 0.091262
			}
		]
	},
	{
		"queries": "ea eb ec ed ee ef eg eh ei ej ek el em",
		"results": [
			{
				"where": "text/rfcs/rfc6805.txt",
				"count": 104,
				"score": 0.010629
			}
		]
	},
	{
		"queries": "ea ee ei eo eu",
		"results": [
			{
				"where": "text/rfcs/rfc6805.txt",
				"count": 42,
				"score": 0.004292
			}
		]
	},
	{
		"queries": "en eo ep eq er es et eu ev ew ex ey ez",
		"results": [
			{
				"where": "text/rfcs/rfc6805.txt",
				"count": 204,
				"score": 0.020848
			}
		]
	},
	{
		"queries": "f",
		"results": [
			{
				"where": "text/rfcs/rfc6805.txt",
				"count": 340,
				"score": 0.034747
			}
		]
	},
	{
		"queries": "f g h i j",
		"results": [
			{
				"where": "text/rfcs/rfc6805.txt",
				"count": 1464,
				"score": 0.149617
			}
		]
	},
	{
		"queries": "fa fb fc fd fe ff fg fh fi fj fk fl fm",
		"results": [
			{
				"where": "text/rfcs/rfc6805.txt",
				"count": 84,
				"score": 0.008585
			}
		]
	},
	{
		"queries": "fa fe fi fo fu",
		"results": [
			{
				"where": "text/rfcs/rfc6805.txt",
				"count": 255,
				"score": 0.026060
			}
		]
	},
	{
		"queries": "fn fo fp fq fr fs ft fu fv fw fx fy fz",
		"results": [
			{
				"where": "text/rfcs/rfc6805.txt",
				"count": 255,
				"score": 0.026060
			}
		]
	},
	{
		"queries": "g",
		"results": [
			{
				"where": "text/rfcs/rfc6805.txt",
				"count": 61,
				"score": 0.006234
			}
		]
	},
	{
		"queries": "g h",
		"results": [
			{
				"where": "text/rfcs/rfc6805.txt",
				"count": 244,
				"score": 0.024936
			}
		]
	},
	{
		"queries": "g h i",
		"results": [
			{
				"where": "text/rfcs/rfc6805.txt",
				"count": 1097,
				"score": 0.112110
			}
		]
	},
	{
		"queries": "g h i j k l",
		"results": [
			{
				"where": "text/rfcs/rfc6805.txt",
				"count": 1345,
				"score": 0.137455
			}
		]
	},
	{
		"queries": "ga gb gc gd ge gf gg gh gi gj gk gl gm",
		"results": [
			{
				"where": "text/rfcs/rfc6805.txt",
				"count": 24,
				"score": 0.002453
			}
		]
	},
	{
		"queries": "ga ge gi go gu",
		"results": [
			{
				"where": "text/rfcs/rfc6805.txt",
				"count": 19,
				"score": 0.001942
			}
		]
	},
	{
		"queries": "gn go gp gq gr gs gt gu gv gw gx gy gz",
		"results": [
			{
				"where": "text/rfcs/rfc6805.txt",
				"count": 14,
				"score": 0.001431
			}
		]
	},
	{
		"queries": "h",
		"results": [
			{
				"where": "text/rfcs/rfc6805.txt",
				"count": 183,
				"score": 0.018702
			}
		]
	},
	{
		"queries": "h i j k l m n",
		"results": [
			{
				"where": "text/rfcs/rfc6805.txt",
				"count": 1829,
				"score": 0.186919
			}
		]
	},
	{
		"queries": "ha hb hc hd he hf hg hh hi hj hk hl hm",
		"results": [
			{
				"where": "text/rfcs/rfc6805.txt",
				"count": 159,
				"score": 0.016249
			}
		]
	},
	{
		"queries": "ha he hi ho hu",
		"results": [
			{
				"where": "text/rfcs/rfc6805.txt",
				"count": 180,
				"score": 0.018396
			}
		]
	},
	{
		"queries": "hn ho hp hq hr hs ht hu hv hw hx hy hz",
		"results": [
			{
				"where": "text/rfcs/rfc6805.txt",
				"count": 23,
				"score": 0.002351
			}
		]
	},
	{
		"queries": "i",
		"results": [
			{
				"where": "text/rfcs/rfc6805.txt",
				"count": 853,
				"score": 0.087174
			}
		]
	},
	{
		"queries": "i j",
		"results": [
			{
				"where": "text/rfcs/rfc6805.txt",
				"count": 880,
				"score": 0.089934
			}
		]
	},
	{
		"queries": "i j k l",
		"results": [
			{
				"where": "text/rfcs/rfc6805.txt",
				"count": 1101,
				"score": 0.112519
			}
		]
	},
	{
		"queries": "i j k l m n o p",
		"results": [
			{
				"where": "text/rfcs/rfc6805.txt",
				"count": 3379,
				"score": 0.345324
			}
		]
	},
	{
		"queries": "ia ib ic id ie if ig ih ii ij ik il im",
		"results": [
			{
				"where": "text/rfcs/rfc6805.txt",
				"count": 104,
				"score": 0.010629
			}
		]
	},
	{
		"queries": "ia ie ii io iu",
		"results": [
			{
				"where": "text/rfcs/rfc6805.txt",
				"count": 15,
				"score": 0.001533
			}
		]
	},
	{
		"queries": "in io ip iq ir is it iu iv iw ix iy iz",
		"results": [
			{
				"where": "text/rfcs/rfc6805.txt",
				"count": 748,
				"score": 0.076444
			}
		]
	},
	{
		"queries": "j",
		"results": [
			{
				"where": "text/rfcs/rfc6805.txt",
				"count": 27,
				"score": 0.002759
			}
		]
	},
	{
		"queries": "j k l",
		"results": [
			{
				"where": "text/rfcs/rfc6805.txt",
				"count": 248,
				"score": 0.025345
			}
		]
	},
	{
		"queries": "j k l m n o p q r",
		"results": [
			{
				"where": "text/rfcs/rfc6805.txt",
				"count": 3062,
				"score": 0.312928
			}
		]
	},
	{
		"queries": "ja jb jc jd je jf jg jh ji jj jk jl jm",
		"results": [
			{
				"where": "text/rfcs/rfc6805.txt",
				"count": 6,
				"score": 0.000613
			}
		]
	},
	{
		"queries": "ja je ji jo ju",
		"results": [
			{
				"where": "text/rfcs/rfc6805.txt",
				"count": 8,
				"score": 0.000818
			}
		]
	},
	{
		"queries": "jn jo jp jq jr js jt ju jv jw jx jy jz",
		"results": [
			{
				"where": "text/rfcs/rfc6805.txt",
				"count": 15,
				"score": 0.001533
			}
		]
	},
	{
		"queries": "k",
		"results": [
			{
				"where": "text/rfcs/rfc6805.txt",
				"count": 82,
				"score": 0.008380
			}
		]
	},
	{
		"queries": "k l",
		"results": [
			{
				"where": "text/rfcs/rfc6805.txt",
				"count": 221,
				"score": 0.022586
			}
		]
	},
	{
		"queries": "k l m n o",
		"results": [
			{
				"where": "text/rfcs/rfc6805.txt",
				"count": 1447,
				"score": 0.147879
			}
		]
	},
	{
		"queries": "k l m n o p q r s t",
		"results": [
			{
				"where": "text/rfcs/rfc6805.txt",
				"count": 4885,
				"score": 0.499234
			}
		]
	},
	{
		"queries": "ka kb kc kd ke kf kg kh ki kj kk kl km",
		"results": [
			{
				"where": "text/rfcs/rfc6805.txt",
				"count": 40,
				"score": 0.004088
			}
		]
	},
	{
		"queries": "ka ke ki ko ku",
		"results": [
			{
				"where": "text/rfcs/rfc6805.txt",
				"count": 42,
				"score": 0.004292
			}
		]
	},
	{
		"queries": "kn ko kp kq kr ks kt ku kv kw kx ky kz",
		"results": [
			{
				"where": "text/rfcs/rfc6805.txt",
				"count": 41,
				"score": 0.004190
			}
		]
	},
	{
		"queries": "l",
		"results": [
			{
				"where": "text/rfcs/rfc6805.txt",
				"count": 139,
				"score": 0.014205
			}
		]
	},
	{
		"queries": "la lb lc ld le lf lg lh li lj lk ll lm",
		"results": [
			{
				"where": "text/rfcs/rfc6805.txt",
				"count": 97,
				"score": 0.009913
			}
		]
	},
	{
		"queries": "la le li lo lu",
		"results": [
			{
				"where": "text/rfcs/rfc6805.txt",
				"count": 117,
				"score": 0.011957
			}
		]
	},
	{
		"queries": "ln lo lp lq lr ls lt lu lv lw lx ly lz",
		"results": [
			{
				"where": "text/rfcs/rfc6805.txt",
				"count": 41,
				"score": 0.004190
			}
		]
	},
	{
		"queries": "m",
		"results": [
			{
				"where": "text/rfcs/rfc6805.txt",
				"count": 304,
				"score": 0.031068
			}
		]
	},
	{
		"queries": "m n",
		"results": [
			{
				"where": "text/rfcs/rfc6805.txt",
				"count": 545,
				"score": 0.055697
			}
		]
	},
	{
		"queries": "m n o",
		"results": [
			{
				"where": "text/rfcs/rfc6805.txt",
				"count": 1226,
				"score": 0.125294
			}
		]
	},
	{
		"queries": "m n o p",
		"results": [
			{
				"where": "text/rfcs/rfc6805.txt",
				"count": 2278,
				"score": 0.232805
			}
		]
	},
	{
		"queries": "m n o p q r",
		"results": [
			{
				"where": "text/rfcs/rfc6805.txt",
				"count": 2814,
				"score": 0.287583
			}
		]
	},
	{
		"queries": "ma mb mc md me mf mg mh mi mj mk ml mm",
		"results": [
			{
				"where": "text/rfcs/rfc6805.txt",
				"count": 200,
				"score": 0.020439
			}
		]
	},
	{
		"queries": "ma me mi mo mu",
		"results": [
			{
				"where": "text/rfcs/rfc6805.txt",
				"count": 286,
				"score": 0.029228
			}
		]
	},
	{
		"queries": "mn mo mp mq mr ms mt mu mv mw mx my mz",
		"results": [
			{
				"where": "text/rfcs/rfc6805.txt",
				"count": 102,
				"score": 0.010424
			}
		]
	},
	{
		"queries": "n",
		"results": [
			{
				"where": "text/rfcs/rfc6805.txt",
				"count": 241,
				"score": 0.024630
			}
		]
	},
	{
		"queries": "na nb nc nd ne nf ng nh ni nj nk nl nm",
		"results": [
			{
				"where": "text/rfcs/rfc6805.txt",
				"count": 77,
				"score": 0.007869
			}
		]
	},
	{
		"queries": "na ne ni no nu",
		"results": [
			{
				"where": "text/rfcs/rfc6805.txt",
				"count": 239,
				"score": 0.024425
			}
		]
	},
	{
		"queries": "nn no np nq nr ns nt nu nv nw nx ny nz",
		"results": [
			{
				"where": "text/rfcs/rfc6805.txt",
				"count": 162,
				"score": 0.016556
			}
		]
	},
	{
		"queries": "o",
		"results": [
			{
				"where": "text/rfcs/rfc6805.txt",
				"count": 681,
				"score": 0.069596
			}
		]
	},
	{
		"queries": "o p",
		"results": [
			{
				"where": "text/rfcs/rfc6805.txt",
				"count": 1733,
				"score": 0.177108
			}
		]
	},
	{
		"queries": "o p q r s t u",
		"results": [
			{
				"where": "text/rfcs/rfc6805.txt",
				"count": 4195,
				"score": 0.428717
			}
		]
	},
	{
		"queries": "oa ob oc od oe of og oh oi oj ok ol om",
		"results": [
			{
				"where": "text/rfcs/rfc6805.txt",
				"count": 379,
				"score": 0.038733
			}
		]
	},
	{
		"queries": "oa oe oi oo ou",
		"results": [
			{
				"where": "text/rfcs/rfc6805.txt",
				"count": 15,
				"score": 0.001533
			}
		]
	},
	{
		"queries": "on oo op oq or os ot ou ov ow ox oy oz",
		"results": [
			{
				"where": "text/rfcs/rfc6805.txt",
				"count": 248,
				"score": 0.025345
			}
		]
	},
	{
		"queries": "p",
		"results": [
			{
				"where": "text/rfcs/rfc6805.txt",
				"count": 1052,
				"score": 0.107511
			}
		]
	},
	{
		"queries": "p q r",
		"results": [
			{
				"where": "text/rfcs/rfc6805.txt",
				"count": 1588,
				"score": 0.162289
			}
		]
	},
	{
		"queries": "p q r s t",
		"results": [
			{
				"where": "text/rfcs/rfc6805.txt",
				"count": 3438,
				"score": 0.351354
			}
		]
	},
	{
		"queries": "pa pb pc pd pe pf pg ph pi pj pk pl pm",
		"results": [
			{
				"where": "text/rfcs/rfc6805.txt",
				"count": 885,
				"score": 0.090445
			}
		]
	},
	{
		"queries": "pa pe pi po pu",
		"results": [
			{
				"where": "text/rfcs/rfc6805.txt",
				"count": 500,
				"score": 0.051099
			}
		]
	},
	{
		"queries": "pn po pp pq pr ps pt pu pv pw px py pz",
		"results": [
			{
				"where": "text/rfcs/rfc6805.txt",
				"count": 167,
				"score": 0.017067
			}
		]
	},
	{
		"queries": "q",
		"results": [
			{
				"where": "text/rfcs/rfc6805.txt",
				"count": 33,
				"score": 0.003373
			}
		]
	},
	{
		"queries": "q r",
		"results": [
			{
				"where": "text/rfcs/rfc6805.txt",
				"count": 536,
				"score": 0.054778
			}
		]
	},
	{
		"queries": "q r s t",
		"results": [
			{
				"where": "text/rfcs/rfc6805.txt",
				"count": 2386,
				"score": 0.243843
			}
		]
	},
	{
		"queries": "q r s t u v w x",
		"results": [
			{
				"where": "text/rfcs/rfc6805.txt",
				"count": 2661,
				"score": 0.271947
			}
		]
	},
	{
		"queries": "qa qb qc qd qe qf qg qh qi qj qk ql qm",
		"results": [
		]
	},
	{
		"queries": "qa qe qi qo qu",
		"results": [
			{
				"where": "text/rfcs/rfc6805.txt",
				"count": 30,
				"score": 0.003066
			}
		]
	},
	{
		"queries": "qn qo qp qq qr qs qt qu qv qw qx qy qz",
		"results": [
			{
				"where": "text/rfcs/rfc6805.txt",
				"count": 31,
				"score": 0.003168
			}
		]
	},
	{
		"queries": "r",
		"results": [
			{
				"where": "text/rfcs/rfc6805.txt",
				"count": 503,
				"score": 0.051405
			}
		]
	},
	{
		"queries": "ra rb rc rd re rf rg rh ri rj rk rl rm",
		"results": [
			{
				"where": "text/rfcs/rfc6805.txt",
				"count": 418,
				"score": 0.042718
			}
		]
	},
	{
		"queries": "ra re ri ro ru",
		"results": [
			{
				"where": "text/rfcs/rfc6805.txt",
				"count": 370,
				"score": 0.037813
			}
		]
	},
	{
		"queries": "rn ro rp rq rr rs rt ru rv rw rx ry rz",
		"results": [
			{
				"where": "text/rfcs/rfc6805.txt",
				"count": 78,
				"score": 0.007971
			}
		]
	},
	{
		"queries": "s",
		"results": [
			{
				"where": "text/rfcs/rfc6805.txt",
				"count": 498,
				"score": 0.050894
			}
		]
	},
	{
		"queries": "s t",
		"results": [
			{
				"where": "text/rfcs/rfc6805.txt",
				"count": 1850,
				"score": 0.189065
			}
		]
	},
	{
		"queries": "s t u",
		"results": [
			{
				"where": "text/rfcs/rfc6805.txt",
				"count": 1926,
				"score": 0.196832
			}
		]
	},
	{
		"queries": "s t u v w x",
		"results": [
			{
				"where": "text/rfcs/rfc6805.txt",
				"count": 2125,
				"score": 0.217169
			}
		]
	},
	{
		"queries": "sa sb sc sd se sf sg sh si sj sk sl sm",
		"results": [
			{
				"where": "text/rfcs/rfc6805.txt",
				"count": 312,
				"score": 0.031886
			}
		]
	},
	{
		"queries": "sa se si so su",
		"results": [
			{
				"where": "text/rfcs/rfc6805.txt",
				"count": 337,
				"score": 0.034440
			}
		]
	},
	{
		"queries": "sn so sp sq sr ss st su sv sw sx sy sz",
		"results": [
			{
				"where": "text/rfcs/rfc6805.txt",
				"count": 181,
				"score": 0.018498
			}
		]
	},
	{
		"queries": "t",
		"results": [
			{
				"where": "text/rfcs/rfc6805.txt",
				"count": 1352,
				"score": 0.138171
			}
		]
	},
	{
		"queries": "ta tb tc td te tf tg th ti tj tk tl tm",
		"results": [
			{
				"where": "text/rfcs/rfc6805.txt",
				"count": 1007,
				"score": 0.102913
			}
		]
	},
	{
		"queries": "ta te ti to tu",
		"results": [
			{
				"where": "text/rfcs/rfc6805.txt",
				"count": 356,
				"score": 0.036382
			}
		]
	},
	{
		"queries": "tn to tp tq tr ts tt tu tv tw tx ty tz",
		"results": [
			{
				"where": "text/rfcs/rfc6805.txt",
				"count": 345,
				"score": 0.035258
			}
		]
	},
	{
		"queries": "u",
		"results": [
			{
				"where": "text/rfcs/rfc6805.txt",
				"count": 76,
				"score": 0.007767
			}
		]
	},
	{
		"queries": "u v",
		"results": [
			{
				"where": "text/rfcs/rfc6805.txt",
				"count": 114,
				"score": 0.011650
			}
		]
	},
	{
		"queries": "u v w x",
		"results": [
			{
				"where": "text/rfcs/rfc6805.txt",
				"count": 275,
				"score": 0.028104
			}
		]
	},
	{
		"queries": "u v w x y",
		"results": [
			{
				"where": "text/rfcs/rfc6805.txt",
				"count": 277,
				"score": 0.028309
			}
		]
	},
	{
		"queries": "ua ub uc ud ue uf ug uh ui uj uk ul um",
		"results": [
			{
				"where": "text/rfcs/rfc6805.txt",
				"count": 2,
				"score": 0.000204
			}
		]
	},
	{
		"queries": "ua ue ui uo uu",
		"results": [
		]
	},
	{
		"queries": "un uo up uq ur us ut uu uv uw ux uy uz",
		"results": [
			{
				"where": "text/rfcs/rfc6805.txt",
				"count": 74,
				"score": 0.007563
			}
		]
	},
	{
		"queries": "v",
		"results": [
			{
				"where": "text/rfcs/rfc6805.txt",
				"count": 38,
				"score": 0.003883
			}
		]
	},
	{
		"queries": "v w x",
		"results": [
			{
				"where": "text/rfcs/rfc6805.txt",
				"count": 199,
				"score": 0.020337
			}
		]
	},
	{
		"queries": "va vb vc vd ve vf vg vh vi vj vk vl vm",
		"results": [
			{
				"where": "text/rfcs/rfc6805.txt",
				"count": 30,
				"score": 0.003066
			}
		]
	},
	{
		"queries": "va ve vi vo vu",
		"results": [
			{
				"where": "text/rfcs/rfc6805.txt",
				"count": 31,
				"score": 0.003168
			}
		]
	},
	{
		"queries": "vn vo vp vq vr vs vt vu vv vw vx vy vz",
		"results": [
			{
				"where": "text/rfcs/rfc6805.txt",
				"count": 8,
				"score": 0.000818
			}
		]
	},
	{
		"queries": "w",
		"results": [
			{
				"where": "text/rfcs/rfc6805.txt",
				"count": 159,
				"score": 0.016249
			}
		]
	},
	{
		"queries": "w x",
		"results": [
			{
				"where": "text/rfcs/rfc6805.txt",
				"count": 161,
				"score": 0.016454
			}
		]
	},
	{
		"queries": "wa wb wc wd we wf wg wh wi wj wk wl wm",
		"results": [
			{
				"where": "text/rfcs/rfc6805.txt",
				"count": 141,
				"score": 0.014410
			}
		]
	},
	{
		"queries": "wa we wi wo wu",
		"results": [
			{
				"where": "text/rfcs/rfc6805.txt",
				"count": 108,
				"score": 0.011037
			}
		]
	},
	{
		"queries": "wn wo wp wq wr ws wt wu wv ww wx wy wz",
		"results": [
			{
				"where": "text/rfcs/rfc6805.txt",
				"count": 18,
				"score": 0.001840
			}
		]
	},
	{
		"queries": "x",
		"results": [
			{
				"where": "text/rfcs/rfc6805.txt",
				"count": 2,
				"score": 0.000204
			}
		]
	},
	{
		"queries": "xa xb xc xd xe xf xg xh xi xj xk xl xm",
		"results": [
		]
	},
	{
		"queries": "xa xe xi xo xu",
		"results": [
		]
	},
	{
		"queries": "xn xo xp xq xr xs xt xu xv xw xx xy xz",
		"results": [
		]
	},
	{
		"queries": "y",
		"results": [
			{
				"where": "text/rfcs/rfc6805.txt",
				"count": 2,
				"score": 0.000204
			}
		]
	},
	{
		"queries": "y z",
		"results": [
			{
				"where": "text/rfcs/rfc6805.txt",
				"count": 15,
				"score": 0.001533
			}
		]
	},
	{
		"queries": "ya yb yc yd ye yf yg yh yi yj yk yl ym",
		"results": [
		]
	},
	{
		"queries": "ya ye yi yo yu",
		"results": [
			{
				"where": "text/rfcs/rfc6805.txt",
				"count": 1,
				"score": 0.000102
			}
		]
	},
	{
		"queries": "yn yo yp yq yr ys yt yu yv yw yx yy yz",
		"results": [
			{
				"where": "text/rfcs/rfc6805.txt",
				"count": 1,
				"score": 0.000102
			}
		]
	},
	{
		"queries": "z",
		"results": [
			{
				"where": "text/rfcs/rfc6805.txt",
				"count": 13,
				"score": 0.001329
			}
		]
	},
	{
		"queries": "za zb zc zd ze zf zg zh zi zj zk zl zm",
		"results": [
			{
				"where": "text/rfcs/rfc6805.txt",
				"count": 12,
				"score": 0.001226
			}
		]
	},
	{
		"queries": "za ze zi zo zu",
		"results": [
			{
				"where": "text/rfcs/rfc6805.txt",
				"count": 2,
				"score": 0.000204
			}
		]
	},
	{
		"queries": "zn zo zp zq zr zs zt zu zv zw zx zy zz",
		"results": [
			{
				"where": "text/rfcs/rfc6805.txt",
				"count": 1,
				"score": 0.000102
			}
		]
	}
]