[
	{
		"queries": "abandon",
		"results": [
			{
				"where": "text/gutenberg/pg1661.txt",
				"count": 4,
				"score": 0.000037
			}
		]
	},
	{
		"queries": "gutenberg",
		"results": [
			{
				"where": "text/gutenberg/pg1661.txt",
				"count": 89,
				"score": 0.000829
			}
		]
	},
	{
		"queries": "nowher",
		"results": [
		]
	},
	{
		"queries": "provid",
		"results": [
			{
				"where": "text/gutenberg/pg1661.txt",
				"count": 21,
				"score": 0.000196
			}
		]
	},
	{
		"queries": "x y z",
		"results": [
			{
				"where": "text/gutenberg/pg1661.txt",
				"count": 2501,
				"score": 0.023288
			}
		]
	},
	{
		"queries": "zone",
		"results": [
		]
	}
]