[
	{
		"queries": "a",
		"results": [
			{
				"where": "text/rfcs/rfc6797.txt",
				"count": 1623,
				"score": 0.125571
			}
		]
	},
	{
		"queries": "a b",
		"results": [
			{
				"where": "text/rfcs/rfc6797.txt",
				"count": 1960,
				"score": 0.151644
			}
		]
	},
	{
		"queries": "a b c",
		"results": [
			{
				"where": "text/rfcs/rfc6797.txt",
				"count": 2601,
				"score": 0.201238
			}
		]
	},
	{
		"queries": "a b c d",
		"results": [
			{
				"where": "text/rfcs/rfc6797.txt",
				"count": 3116,
				"score": 0.241083
			}
		]
	},
	{
		"queries": "a b c d e",
		"results": [
			{
				"where": "text/rfcs/rfc6797.txt",
				"count": 3525,
				"score": 0.272727
			}
		]
	},
	{
		"queries": "a b c d e f",
		"results": [
			{
				"where": "text/rfcs/rfc6797.txt",
				"count": 3977,
				"score": 0.307698
			}
		]
	},
	{
		"queries": "a b c d e f g",
		"results": [
			{
				"where": "text/rfcs/rfc6797.txt",
				"count": 4050,
				"score": 0.313346
			}
		]
	},
	{
		"queries": "a b c d e f g h",
		"results": [
			{
				"where": "text/rfcs/rfc6797.txt",
				"count": 5010,
				"score": 0.387621
			}
		]
	},
	{
		"queries": "a b c d e f g h i",
		"results": [
			{
				"where": "text/rfcs/rfc6797.txt",
				"count": 6026,
				"score": 0.466228
			}
		]
	},
	{
		"queries": "a b c d e f g h i j",
		"results": [
			{
				"where": "text/rfcs/rfc6797.txt",
				"count": 6067,
				"score": 0.469400
			}
		]
	},
	{
		"queries": "aa ab ac ad ae af ag ah ai aj ak al am",
		"results": [
			{
				"where": "text/rfcs/rfc6797.txt",
				"count": 358,
				"score": 0.027698
			}
		]
	},
	{
		"queries": "aa ae ai ao au",
		"results": [
			{
				"where": "text/rfcs/rfc6797.txt",
				"count": 35,
				"score": 0.002708
			}
		]
	},
	{
		"queries": "aa ee ii oo uu",
		"results": [
		]
	},
	{
		"queries": "an ao ap aq ar as at au av aw ax ay az",
		"results": [
			{
				"where": "text/rfcs/rfc6797.txt",
				"count": 993,
				"score": 0.076828
			}
		]
	},
	{
		"queries": "b",
		"results": [
			{
				"where": "text/rfcs/rfc6797.txt",
				"count": 337,
				"score": 0.026074
			}
		]
	},
	{
		"queries": "ba bb bc bd be bf bg bh bi bj bk bl bm",
		"results": [
			{
				"where": "text/rfcs/rfc6797.txt",
				"count": 184,
				"score": 0.014236
			}
		]
	},
	{
		"queries": "ba be bi bo bu",
		"results": [
			{
				"where": "text/rfcs/rfc6797.txt",
				"count": 222,
				"score": 0.017176
			}
		]
	},
	{
		"queries": "bn bo bp bq br bs bt bu bv bw bx by bz",
		"results": [
			{
				"where": "text/rfcs/rfc6797.txt",
				"count": 150,
				"score": 0.011605
			}
		]
	},
	{
		"queries": "c",
		"results": [
			{
				"where": "text/rfcs/rfc6797.txt",
				"count": 641,
				"score": 0.049594
			}
		]
	},
	{
		"queries": "c d",
		"results": [
			{
				"where": "text/rfcs/rfc6797.txt",
				"count": 1156,
				"score": 0.089439
			}
		]
	},
	{
		"queries": "ca cb cc cd ce cf cg ch ci cj ck cl cm",
		"results": [
			{
				"where": "text/rfcs/rfc6797.txt",
				"count": 254,
				"score": 0.019652
			}
		]
	},
	{
		"queries": "ca ce ci co cu",
		"results": [
			{
				"where": "text/rfcs/rfc6797.txt",
				"count": 559,
				"score": 0.043250
			}
		]
	},
	{
		"queries": "cn co cp cq cr cs ct cu cv cw cx cy cz",
		"results": [
			{
				"where": "text/rfcs/rfc6797.txt",
				"count": 380,
				"score": 0.029400
			}
		]
	},
	{
		"queries": "d",
		"results": [
			{
				"where": "text/rfcs/rfc6797.txt",
				"count": 515,
				"score": 0.039845
			}
		]
	},
	{
		"queries": "d e f",
		"results": [
			{
				"where": "text/rfcs/rfc6797.txt",
				"count": 1376,
				"score": 0.106460
			}
		]
	},
	{
		"queries": "da db dc dd de df dg dh di dj dk dl dm",
		"results": [
			{
				"where": "text/rfcs/rfc6797.txt",
				"count": 315,
				"score": 0.024371
			}
		]
	},
	{
		"queries": "da de di do du",
		"results": [
			{
				"where": "text/rfcs/rfc6797.txt",
				"count": 487,
				"score": 0.037679
			}
		]
	},
	{
		"queries": "dn do dp dq dr ds dt du dv dw dx dy dz",
		"results": [
			{
				"where": "text/rfcs/rfc6797.txt",
				"count": 192,
				"score": 0.014855
			}
		]
	},
	{
		"queries": "e",
		"results": [
			{
				"where": "text/rfcs/rfc6797.txt",
				"count": 409,
				"score": 0.031644
			}
		]
	},
	{
		"queries": "e f",
		"results": [
			{
				"where": "text/rfcs/rfc6797.txt",
				"count": 861,
				"score": 0.066615
			}
		]
	},
	{
		"queries": "e f g h",
		"results": [
			{
				"where": "text/rfcs/rfc6797.txt",
				"count": 1894,
				"score": 0.146538
			}
		]
	},
	{
		"queries": "ea eb ec ed ee ef eg eh ei ej ek el em",
		"results": [
			{
				"where": "text/rfcs/rfc6797.txt",
				"count": 124,
				"score": 0.009594
			}
		]
	},
	{
		"queries": "ea ee ei eo eu",
		"results": [
			{
				"where": "text/rfcs/rfc6797.txt",
				"count": 21,
				"score": 0.001625
			}
		]
	},
	{
		"queries": "en eo ep eq er es et eu ev ew ex ey ez",
		"results": [
			{
				"where": "text/rfcs/rfc6797.txt",
				"count": 280,
				"score": 0.021663
			}
		]
	},
	{
		"queries": "f",
		"results": [
			{
				"where": "text/rfcs/rfc6797.txt",
				"count": 452,
				"score": 0.034971
			}
		]
	},
	{
		"queries": "f g h i j",
		"results": [
			{
				"where": "text/rfcs/rfc6797.txt",
				"count": 2542,
				"score": 0.196673
			}
		]
	},
	{
		"queries": "fa fb fc fd fe ff fg fh fi fj fk fl fm",
		"results": [
			{
				"where": "text/rfcs/rfc6797.txt",
				"count": 156,
				"score": 0.012070
			}
		]
	},
	{
		"queries": "fa fe fi fo fu",
		"results": [
			{
				"where": "text/rfcs/rfc6797.txt",
				"count": 389,
				"score": 0.030097
			}
		]
	},
	{
		"queries": "fn fo fp fq fr fs ft fu fv fw fx fy fz",
		"results": [
			{
				"where": "text/rfcs/rfc6797.txt",
				"count": 296,
				"score": 0.022901
			}
		]
	},
	{
		"queries": "g",
		"results": [
			{
				"where": "text/rfcs/rfc6797.txt",
				"count": 73,
				"score": 0.005648
			}
		]
	},
	{
		"queries": "g h",
		"results": [
			{
				"where": "text/rfcs/rfc6797.txt",
				"count": 1033,
				"score": 0.079923
			}
		]
	},
	{
		"queries": "g h i",
		"results": [
			{
				"where": "text/rfcs/rfc6797.txt",
				"count": 2049,
				"score": 0.158530
			}
		]
	},
	{
		"queries": "g h i j k l",
		"results": [
			{
				"where": "text/rfcs/rfc6797.txt",
				"count": 2320,
				"score": 0.179497
			}
		]
	},
	{
		"queries": "ga gb gc gd ge gf gg gh gi gj gk gl gm",
		"results": [
			{
				"where": "text/rfcs/rfc6797.txt",
				"count": 55,
				"score": 0.004255
			}
		]
	},
	{
		"queries": "ga ge gi go gu",
		"results": [
			{
				"where": "text/rfcs/rfc6797.txt",
				"count": 64,
				"score": 0.004952
			}
		]
	},
	{
		"queries": "gn go gp gq gr gs gt gu gv gw gx gy gz",
		"results": [
			{
				"where": "text/rfcs/rfc6797.txt",
				"count": 17,
				"score": 0.001315
			}
		]
	},
	{
		"queries": "h",
		"results": [
			{
				"where": "text/rfcs/rfc6797.txt",
				"count": 960,
				"score": 0.074275
			}
		]
	},
	{
		"queries": "h i j k l m n",
		"results": [
			{
				"where": "text/rfcs/rfc6797.txt",
				"count": 3051,
				"score": 0.236054
			}
		]
	},
	{
		"queries": "ha hb hc hd he hf hg hh hi hj hk hl hm",
		"results": [
			{
				"where": "text/rfcs/rfc6797.txt",
				"count": 134,
				"score": 0.010368
			}
		]
	},
	{
		"queries": "ha he hi ho hu",
		"results": [
			{
				"where": "text/rfcs/rfc6797.txt",
				"count": 437,
				"score": 0.033810
			}
		]
	},
	{
		"queries": "hn ho hp hq hr hs ht hu hv hw hx hy hz",
		"results": [
			{
				"where": "text/rfcs/rfc6797.txt",
				"count": 823,
				"score": 0.063675
			}
		]
	},
	{
		"queries": "i",
		"results": [
			{
				"where": "text/rfcs/rfc6797.txt",
				"count": 1016,
				"score": 0.078607
			}
		]
	},
	{
		"queries": "i j",
		"results": [
			{
				"where": "text/rfcs/rfc6797.txt",
				"count": 1057,
				"score": 0.081779
			}
		]
	},
	{
		"queries": "i j k l",
		"results": [
			{
				"where": "text/rfcs/rfc6797.txt",
				"count": 1287,
				"score": 0.099574
			}
		]
	},
	{
		"queries": "i j k l m n o p",
		"results": [
			{
				"where": "text/rfcs/rfc6797.txt",
				"count": 3301,
				"score": 0.255397
			}
		]
	},
	{
		"queries": "ia ib ic id ie if ig ih ii ij ik il im",
		"results": [
			{
				"where": "text/rfcs/rfc6797.txt",
				"count": 249,
				"score": 0.019265
			}
		]
	},
	{
		"queries": "ia ie ii io iu",
		"results": [
			{
				"where": "text/rfcs/rfc6797.txt",
				"count": 30,
				"score": 0.002321
			}
		]
	},
	{
		"queries": "in io ip iq ir is it iu iv iw ix iy iz",
		"results": [
			{
				"where": "text/rfcs/rfc6797.txt",
				"count": 766,
				"score": 0.059265
			}
		]
	},
	{
		"queries": "j",
		"results": [
			{
				"where": "text/rfcs/rfc6797.txt",
				"count": 41,
				"score": 0.003172
			}
		]
	},
	{
		"queries": "j k l",
		"results": [
			{
				"where": "text/rfcs/rfc6797.txt",
				"count": 271,
				"score": 0.020967
			}
		]
	},
	{
		"queries": "j k l m n o p q r",
		"results": [
			{
				"where": "text/rfcs/rfc6797.txt",
				"count": 2877,
				"score": 0.222592
			}
		]
	},
	{
		"queries": "ja jb jc jd je jf jg jh ji jj jk jl jm",
		"results": [
			{
				"where": "text/rfcs/rfc6797.txt",
				"count": 14,
				"score": 0.001083
			}
		]
	},
	{
		"queries": "ja je ji jo ju",
		"results": [
			{
				"where": "text/rfcs/rfc6797.txt",
				"count": 26,
				"score": 0.002012
			}
		]
	},
	{
		"queries": "jn jo jp jq jr js jt ju jv jw jx jy jz",
		"results": [
			{
				"where": "text/rfcs/rfc6797.txt",
				"count": 12,
				"score": 0.000928
			}
		]
	},
	{
		"queries": "k",
		"results": [
			{
				"where": "text/rfcs/rfc6797.txt",
				"count": 91,
				"score": 0.007041
			}
		]
	},
	{
		"queries": "k l",
		"results": [
			{
				"where": "text/rfcs/rfc6797.txt",
				"count": 230,
				"score": 0.017795
			}
		]
	},
	{
		"queries": "k l m n o",
		"results": [
			{
				"where": "text/rfcs/rfc6797.txt",
				"count": 1696,
				"score": 0.131219
			}
		]
	},
	{
		"queries": "k l m n o p q r s t",
		"results": [
			{
				"where": "text/rfcs/rfc6797.txt",
				"count": 5774,
				"score": 0.446731
			}
		]
	},
	{
		"queries": "ka kb kc kd ke kf kg kh ki kj kk kl km",
		"results": [
			{
				"where": "text/rfcs/rfc6797.txt",
				"count": 14,
				"score": 0.001083
			}
		]
	},
	{
		"queries": "ka ke ki ko ku",
		"results": [
			{
				"where": "text/rfcs/rfc6797.txt",
				"count": 13,
				"score": 0.001006
			}
		]
	},
	{
		"queries": "kn ko kp kq kr ks kt ku kv kw kx ky kz",
		"results": [
			{
				"where": "text/rfcs/rfc6797.txt",
				"count": 77,
				"score": 0.005957
			}
		]
	},
	{
		"queries": "l",
		"results": [
			{
				"where": "text/rfcs/rfc6797.txt",
				"count": 139,
				"score": 0.010754
			}
		]
	},
	{
		"queries": "la lb lc ld le lf lg lh li lj lk ll lm",
		"results": [
			{
				"where": "text/rfcs/rfc6797.txt",
				"count": 99,
				"score": 0.007660
			}
		]
	},
	{
		"queries": "la le li lo lu",
		"results": [
			{
				"where": "text/rfcs/rfc6797.txt",
				"count": 135,
				"score": 0.010445
			}
		]
	},
	{
		"queries": "ln lo lp lq lr ls lt lu lv lw lx ly lz",
		"results": [
			{
				"where": "text/rfcs/rfc6797.txt",
				"count": 37,
				"score": 0.002863
			}
		]
	},
	{
		"queries": "m",
		"results": [
			{
				"where": "text/rfcs/rfc6797.txt",
				"count": 378,
				"score": 0.029246
			}
		]
	},
	{
		"queries": "m n",
		"results": [
			{
				"where": "text/rfcs/rfc6797.txt",
				"count": 804,
				"score": 0.062205
			}
		]
	},
	{
		"queries": "m n o",
		"results": [
			{
				"where": "text/rfcs/rfc6797.txt",
				"count": 1466,
				"score": 0.113424
			}
		]
	},
	{
		"queries": "m n o p",
		"results": [
			{
				"where": "text/rfcs/rfc6797.txt",
				"count": 2014,
				"score": 0.155822
			}
		]
	},
	{
		"queries": "m n o p q r",
		"results": [
			{
				"where": "text/rfcs/rfc6797.txt",
				"count": 2606,
				"score": 0.201625
			}
		]
	},
	{
		"queries": "ma mb mc md me mf mg mh mi mj mk ml mm",
		"results": [
			{
				"where": "text/rfcs/rfc6797.txt",
				"count": 276,
				"score": 0.021354
			}
		]
	},
	{
		"queries": "ma me mi mo mu",
		"results": [
			{
				"where": "text/rfcs/rfc6797.txt",
				"count": 368,
				"score": 0.028472
			}
		]
	},
	{
		"queries": "mn mo mp mq mr ms mt mu mv mw mx my mz",
		"results": [
			{
				"where": "text/rfcs/rfc6797.txt",
				"count": 93,
				"score": 0.007195
			}
		]
	},
	{
		"queries": "n",
		"results": [
			{
				"where": "text/rfcs/rfc6797.txt",
				"count": 426,
				"score": 0.032959
			}
		]
	},
	{
		"queries": "na nb nc nd ne nf ng nh ni nj nk nl nm",
		"results": [
			{
				"where": "text/rfcs/rfc6797.txt",
				"count": 170,
				"score": 0.013153
			}
		]
	},
	{
		"queries": "na ne ni no nu",
		"results": [
			{
				"where": "text/rfcs/rfc6797.txt",
				"count": 418,
				"score": 0.032340
			}
		]
	},
	{
		"queries": "nn no np nq nr ns nt nu nv nw nx ny nz",
		"results": [
			{
				"where": "text/rfcs/rfc6797.txt",
				"count": 252,
				"score": 0.019497
			}
		]
	},
	{
		"queries": "o",
		"results": [
			{
				"where": "text/rfcs/rfc6797.txt",
				"count": 662,
				"score": 0.051219
			}
		]
	},
	{
		"queries": "o p",
		"results": [
			{
				"where": "text/rfcs/rfc6797.txt",
				"count": 1210,
				"score": 0.093617
			}
		]
	},
	{
		"queries": "o p q r s t u",
		"results": [
			{
				"where": "text/rfcs/rfc6797.txt",
				"count": 5237,
				"score": 0.405184
			}
		]
	},
	{
		"queries": "oa ob oc od oe of og oh oi oj ok ol om",
		"results": [
			{
				"where": "text/rfcs/rfc6797.txt",
				"count": 305,
				"score": 0.023598
			}
		]
	},
	{
		"queries": "oa oe oi oo ou",
		"results": [
			{
				"where": "text/rfcs/rfc6797.txt",
				"count": 11,
				"score": 0.000851
			}
		]
	},
	{
		"queries": "on oo op oq or os ot ou ov ow ox oy oz",
		"results": [
			{
				"where": "text/rfcs/rfc6797.txt",
				"count": 330,
				"score": 0.025532
			}
		]
	},
	{
		"queries": "p",
		"results": [
			{
				"where": "text/rfcs/rfc6797.txt",
				"count": 548,
				"score": 0.042398
			}
		]
	},
	{
		"queries": "p q r",
		"results": [
			{
				"where": "text/rfcs/rfc6797.txt",
				"count": 1140,
				"score": 0.088201
			}
		]
	},
	{
		"queries": "p q r s t",
		"results": [
			{
				"where": "text/rfcs/rfc6797.txt",
				"count": 4078,
				"score": 0.315513
			}
		]
	},
	{
		"queries": "pa pb pc pd pe pf pg ph pi pj pk pl pm",
		"results": [
			{
				"where": "text/rfcs/rfc6797.txt",
				"count": 143,
				"score": 0.011064
			}
		]
	},
	{
		"queries": "pa pe pi po pu",
		"results": [
			{
				"where": "text/rfcs/rfc6797.txt",
				"count": 334,
				"score": 0.025841
			}
		]
	},
	{
		"queries": "pn po pp pq pr ps pt pu pv pw px py pz",
		"results": [
			{
				"where": "text/rfcs/rfc6797.txt",
				"count": 395,
				"score": 0.030561
			}
		]
	},
	{
		"queries": "q",
		"results": [
			{
				"where": "text/rfcs/rfc6797.txt",
				"count": 10,
				"score": 0.000774
			}
		]
	},
	{
		"queries": "q r",
		"results": [
			{
				"where": "text/rfcs/rfc6797.txt",
				"count": 592,
				"score": 0.045803
			}
		]
	},
	{
		"queries": "q r s t",
		"results": [
			{
				"where": "text/rfcs/rfc6797.txt",
				"count": 3530,
				"score": 0.273114
			}
		]
	},
	{
		"queries": "q r s t u v w x",
		"results": [
			{
				"where": "text/rfcs/rfc6797.txt",
				"count": 4596,
				"score": 0.355590
			}
		]
	},
	{
		"queries": "qa qb qc qd qe qf qg qh qi qj qk ql qm",
		"results": [
			{
				"where": "text/rfcs/rfc6797.txt",
				"count": 1,
				"score": 0.000077
			}
		]
	},
	{
		"queries": "qa qe qi qo qu",
		"results": [
			{
				"where": "text/rfcs/rfc6797.txt",
				"count": 10,
				"score": 0.000774
			}
		]
	},
	{
		"queries": "qn qo qp qq qr qs qt qu qv qw qx qy qz",
		"results": [
			{
				"where": "text/rfcs/rfc6797.txt",
				"count": 9,
				"score": 0.000696
			}
		]
	},
	{
		"queries": "r",
		"results": [
			{
				"where": "text/rfcs/rfc6797.txt",
				"count": 582,
				"score": 0.045029
			}
		]
	},
	{
		"queries": "ra rb rc rd re rf rg rh ri rj rk rl rm",
		"results": [
			{
				"where": "text/rfcs/rfc6797.txt",
				"count": 546,
				"score": 0.042244
			}
		]
	},
	{
		"queries": "ra re ri ro ru",
		"results": [
			{
				"where": "text/rfcs/rfc6797.txt",
				"count": 409,
				"score": 0.031644
			}
		]
	},
	{
		"queries": "rn ro rp rq rr rs rt ru rv rw rx ry rz",
		"results": [
			{
				"where": "text/rfcs/rfc6797.txt",
				"count": 27,
				"score": 0.002089
			}
		]
	},
	{
		"queries": "s",
		"results": [
			{
				"where": "text/rfcs/rfc6797.txt",
				"count": 1174,
				"score": 0.090832
			}
		]
	},
	{
		"queries": "s t",
		"results": [
			{
				"where": "text/rfcs/rfc6797.txt",
				"count": 2938,
				"score": 0.227311
			}
		]
	},
	{
		"queries": "s t u",
		"results": [
			{
				"where": "text/rfcs/rfc6797.txt",
				"count": 3435,
				"score": 0.265764
			}
		]
	},
	{
		"queries": "s t u v w x",
		"results": [
			{
				"where": "text/rfcs/rfc6797.txt",
				"count": 4004,
				"score": 0.309787
			}
		]
	},
	{
		"queries": "sa sb sc sd se sf sg sh si sj sk sl sm",
		"results": [
			{
				"where": "text/rfcs/rfc6797.txt",
				"count": 624,
				"score": 0.048279
			}
		]
	},
	{
		"queries": "sa se si so su",
		"results": [
			{
				"where": "text/rfcs/rfc6797.txt",
				"count": 743,
				"score": 0.057485
			}
		]
	},
	{
		"queries": "sn so sp sq sr ss st su sv sw sx sy sz",
		"results": [
			{
				"where": "text/rfcs/rfc6797.txt",
				"count": 542,
				"score": 0.041934
			}
		]
	},
	{
		"queries": "t",
		"results": [
			{
				"where": "text/rfcs/rfc6797.txt",
				"count": 1764,
				"score": 0.136480
			}
		]
	},
	{
		"queries": "ta tb tc td te tf tg th ti tj tk tl tm",
		"results": [
			{
				"where": "text/rfcs/rfc6797.txt",
				"count": 1245,
				"score": 0.096325
			}
		]
	},
	{
		"queries": "ta te ti to tu",
		"results": [
			{
				"where": "text/rfcs/rfc6797.txt",
				"count": 367,
				"score": 0.028395
			}
		]
	},
	{
		"queries": "tn to tp tq tr ts tt tu tv tw tx ty tz",
		"results": [
			{
				"where": "text/rfcs/rfc6797.txt",
				"count": 512,
				"score": 0.039613
			}
		]
	},
	{
		"queries": "u",
		"results": [
			{
				"where": "text/rfcs/rfc6797.txt",
				"count": 497,
				"score": 0.038453
			}
		]
	},
	{
		"queries": "u v",
		"results": [
			{
				"where": "text/rfcs/rfc6797.txt",
				"count": 615,
				"score": 0.047582
			}
		]
	},
	{
		"queries": "u v w x",
		"results": [
			{
				"where": "text/rfcs/rfc6797.txt",
				"count": 1066,
				"score": 0.082476
			}
		]
	},
	{
		"queries": "u v w x y",
		"results": [
			{
				"where": "text/rfcs/rfc6797.txt",
				"count": 1075,
				"score": 0.083172
			}
		]
	},
	{
		"queries": "ua ub uc ud ue uf ug uh ui uj uk ul um",
		"results": [
			{
				"where": "text/rfcs/rfc6797.txt",
				"count": 155,
				"score": 0.011992
			}
		]
	},
	{
		"queries": "ua ue ui uo uu",
		"results": [
			{
				"where": "text/rfcs/rfc6797.txt",
				"count": 153,
				"score": 0.011838
			}
		]
	},
	{
		"queries": "un uo up uq ur us ut uu uv uw ux uy uz",
		"results": [
			{
				"where": "text/rfcs/rfc6797.txt",
				"count": 340,
				"score": 0.026306
			}
		]
	},
	{
		"queries": "v",
		"results": [
			{
				"where": "text/rfcs/rfc6797.txt",
				"count": 118,
				"score": 0.009130
			}
		]
	},
	{
		"queries": "v w x",
		"results": [
			{
				"where": "text/rfcs/rfc6797.txt",
				"count": 569,
				"score": 0.044023
			}
		]
	},
	{
		"queries": "va vb vc vd ve vf vg vh vi vj vk vl vm",
		"results": [
			{
				"where": "text/rfcs/rfc6797.txt",
				"count": 98,
				"score": 0.007582
			}
		]
	},
	{
		"queries": "va ve vi vo vu",
		"results": [
			{
				"where": "text/rfcs/rfc6797.txt",
				"count": 118,
				"score": 0.009130
			}
		]
	},
	{
		"queries": "vn vo vp vq vr vs vt vu vv vw vx vy vz",
		"results": [
			{
				"where": "text/rfcs/rfc6797.txt",
				"count": 20,
				"score": 0.001547
			}
		]
	},
	{
		"queries": "w",
		"results": [
			{
				"where": "text/rfcs/rfc6797.txt",
				"count": 445,
				"score": 0.034429
			}
		]
	},
	{
		"queries": "w x",
		"results": [
			{
				"where": "text/rfcs/rfc6797.txt",
				"count": 451,
				"score": 0.034894
			}
		]
	},
	{
		"queries": "wa wb wc wd we wf wg wh wi wj wk wl wm",
		"results": [
			{
				"where": "text/rfcs/rfc6797.txt",
				"count": 401,
				"score": 0.031025
			}
		]
	},
	{
		"queries": "wa we wi wo wu",
		"results": [
			{
				"where": "text/rfcs/rfc6797.txt",
				"count": 340,
				"score": 0.026306
			}
		]
	},
	{
		"queries": "wn wo wp wq wr ws wt wu wv ww wx wy wz",
		"results": [
			{
				"where": "text/rfcs/rfc6797.txt",
				"count": 42,
				"score": 0.003250
			}
		]
	},
	{
		"queries": "x",
		"results": [
			{
				"where": "text/rfcs/rfc6797.txt",
				"count": 6,
				"score": 0.000464
			}
		]
	},
	{
		"queries": "xa xb xc xd xe xf xg xh xi xj xk xl xm",
		"results": [
			{
				"where": "text/rfcs/rfc6797.txt",
				"count": 3,
				"score": 0.000232
			}
		]
	},
	{
		"queries": "xa xe xi xo xu",
		"results": [
			{
				"where": "text/rfcs/rfc6797.txt",
				"count": 1,
				"score": 0.000077
			}
		]
	},
	{
		"queries": "xn xo xp xq xr xs xt xu xv xw xx xy xz",
		"results": [
		]
	},
	{
		"queries": "y",
		"results": [
			{
				"where": "text/rfcs/rfc6797.txt",
				"count": 9,
				"score": 0.000696
			}
		]
	},
	{
		"queries": "y z",
		"results": [
			{
				"where": "text/rfcs/rfc6797.txt",
				"count": 18,
				"score": 0.001393
			}
		]
	},
	{
		"queries": "ya yb yc yd ye yf yg yh yi yj yk yl ym",
		"results": [
			{
				"where": "text/rfcs/rfc6797.txt",
				"count": 6,
				"score": 0.000464
			}
		]
	},
	{
		"queries": "ya ye yi yo yu",
		"results": [
			{
				"where": "text/rfcs/rfc6797.txt",
				"count": 8,
				"score": 0.000619
			}
		]
	},
	{
		"queries": "yn yo yp yq yr ys yt yu yv yw yx yy yz",
		"results": [
			{
				"where": "text/rfcs/rfc6797.txt",
				"count": 3,
				"score": 0.000232
			}
		]
	},
	{
		"queries": "z",
		"results": [
			{
				"where": "text/rfcs/rfc6797.txt",
				"count": 9,
				"score": 0.000696
			}
		]
	},
	{
		"queries": "za zb zc zd ze zf zg zh zi zj zk zl zm",
		"results": [
			{
				"where": "text/rfcs/rfc6797.txt",
				"count": 6,
				"score": 0.000464
			}
		]
	},
	{
		"queries": "za ze zi zo zu",
		"results": [
			{
				"where": "text/rfcs/rfc6797.txt",
				"count": 7,
				"score": 0.000542
			}
		]
	},
	{
		"queries": "zn zo zp zq zr zs zt zu zv zw zx zy zz",
		"results": [
			{
				"where": "text/rfcs/rfc6797.txt",
				"count": 1,
				"score": 0.000077
			}
		]
	}
]