[
	{
		"queries": "a",
		"results": [
			{
				"where": "text/rfcs/rfc6838.txt",
				"count": 1047,
				"score": 0.111775
			}
		]
	},
	{
		"queries": "a b",
		"results": [
			{
				"where": "text/rfcs/rfc6838.txt",
				"count": 1456,
				"score": 0.155439
			}
		]
	},
	{
		"queries": "a b c",
		"results": [
			{
				"where": "text/rfcs/rfc6838.txt",
				"count": 1858,
				"score": 0.198356
			}
		]
	},
	{
		"queries": "a b c d",
		"results": [
			{
				"where": "text/rfcs/rfc6838.txt",
				"count": 2133,
				"score": 0.227714
			}
		]
	},
	{
		"queries": "a b c d e",
		"results": [
			{
				"where": "text/rfcs/rfc6838.txt",
				"count": 2379,
				"score": 0.253977
			}
		]
	},
	{
		"queries": "a b c d e f",
		"results": [
			{
				"where": "text/rfcs/rfc6838.txt",
				"count": 2744,
				"score": 0.292943
			}
		]
	},
	{
		"queries": "a b c d e f g",
		"results": [
			{
				"where": "text/rfcs/rfc6838.txt",
				"count": 2795,
				"score": 0.298388
			}
		]
	},
	{
		"queries": "a b c d e f g h",
		"results": [
			{
				"where": "text/rfcs/rfc6838.txt",
				"count": 2916,
				"score": 0.311306
			}
		]
	},
	{
		"queries": "a b c d e f g h i",
		"results": [
			{
				"where": "text/rfcs/rfc6838.txt",
				"count": 3712,
				"score": 0.396285
			}
		]
	},
	{
		"queries": "a b c d e f g h i j",
		"results": [
			{
				"where": "text/rfcs/rfc6838.txt",
				"count": 3769,
				"score": 0.402370
			}
		]
	},
	{
		"queries": "aa ab ac ad ae af ag ah ai aj ak al am",
		"results": [
			{
				"where": "text/rfcs/rfc6838.txt",
				"count": 230,
				"score": 0.024554
			}
		]
	},
	{
		"queries": "aa ae ai ao au",
		"results": [
			{
				"where": "text/rfcs/rfc6838.txt",
				"count": 22,
				"score": 0.002349
			}
		]
	},
	{
		"queries": "aa ee ii oo uu",
		"results": [
		]
	},
	{
		"queries": "an ao ap aq ar as at au av aw ax ay az",
		"results": [
			{
				"where": "text/rfcs/rfc6838.txt",
				"count": 595,
				"score": 0.063521
			}
		]
	},
	{
		"queries": "b",
		"results": [
			{
				"where": "text/rfcs/rfc6838.txt",
				"count": 409,
				"score": 0.043664
			}
		]
	},
	{
		"queries": "ba bb bc bd be bf bg bh bi bj bk bl bm",
		"results": [
			{
				"where": "text/rfcs/rfc6838.txt",
				"count": 292,
				"score": 0.031173
			}
		]
	},
	{
		"queries": "ba be bi bo bu",
		"results": [
			{
				"where": "text/rfcs/rfc6838.txt",
				"count": 309,
				"score": 0.032988
			}
		]
	},
	{
		"queries": "bn bo bp bq br bs bt bu bv bw bx by bz",
		"results": [
			{
				"where": "text/rfcs/rfc6838.txt",
				"count": 114,
				"score": 0.012170
			}
		]
	},
	{
		"queries": "c",
		"results": [
			{
				"where": "text/rfcs/rfc6838.txt",
				"count": 402,
				"score": 0.042917
			}
		]
	},
	{
		"queries": "c d",
		"results": [
			{
				"where": "text/rfcs/rfc6838.txt",
				"count": 677,
				"score": 0.072275
			}
		]
	},
	{
		"queries": "ca cb cc cd ce cf cg ch ci cj ck cl cm",
		"results": [
			{
				"where": "text/rfcs/rfc6838.txt",
				"count": 158,
				"score": 0.016868
			}
		]
	},
	{
		"queries": "ca ce ci co cu",
		"results": [
			{
				"where": "text/rfcs/rfc6838.txt",
				"count": 315,
				"score": 0.033629
			}
		]
	},
	{
		"queries": "cn co cp cq cr cs ct cu cv cw cx cy cz",
		"results": [
			{
				"where": "text/rfcs/rfc6838.txt",
				"count": 242,
				"score": 0.025835
			}
		]
	},
	{
		"queries": "d",
		"results": [
			{
				"where": "text/rfcs/rfc6838.txt",
				"count": 275,
				"score": 0.029358
			}
		]
	},
	{
		"queries": "d e f",
		"results": [
			{
				"where": "text/rfcs/rfc6838.txt",
				"count": 886,
				"score": 0.094587
			}
		]
	},
	{
		"queries": "da db dc dd de df dg dh di dj dk dl dm",
		"results": [
			{
				"where": "text/rfcs/rfc6838.txt",
				"count": 193,
				"score": 0.020604
			}
		]
	},
	{
		"queries": "da de di do du",
		"results": [
			{
				"where": "text/rfcs/rfc6838.txt",
				"count": 268,
				"score": 0.028611
			}
		]
	},
	{
		"queries": "dn do dp dq dr ds dt du dv dw dx dy dz",
		"results": [
			{
				"where": "text/rfcs/rfc6838.txt",
				"count": 79,
				"score": 0.008434
			}
		]
	},
	{
		"queries": "e",
		"results": [
			{
				"where": "text/rfcs/rfc6838.txt",
				"count": 246,
				"score": 0.026262
			}
		]
	},
	{
		"queries": "e f",
		"results": [
			{
				"where": "text/rfcs/rfc6838.txt",
				"count": 611,
				"score": 0.065229
			}
		]
	},
	{
		"queries": "e f g h",
		"results": [
			{
				"where": "text/rfcs/rfc6838.txt",
				"count": 783,
				"score": 0.083591
			}
		]
	},
	{
		"queries": "ea eb ec ed ee ef eg eh ei ej ek el em",
		"results": [
			{
				"where": "text/rfcs/rfc6838.txt",
				"count": 57,
				"score": 0.006085
			}
		]
	},
	{
		"queries": "ea ee ei eo eu",
		"results": [
			{
				"where": "text/rfcs/rfc6838.txt",
				"count": 22,
				"score": 0.002349
			}
		]
	},
	{
		"queries": "en eo ep eq er es et eu ev ew ex ey ez",
		"results": [
			{
				"where": "text/rfcs/rfc6838.txt",
				"count": 188,
				"score": 0.020070
			}
		]
	},
	{
		"queries": "f",
		"results": [
			{
				"where": "text/rfcs/rfc6838.txt",
				"count": 365,
				"score": 0.038967
			}
		]
	},
	{
		"queries": "f g h i j",
		"results": [
			{
				"where": "text/rfcs/rfc6838.txt",
				"count": 1390,
				"score": 0.148393
			}
		]
	},
	{
		"queries": "fa fb fc fd fe ff fg fh fi fj fk fl fm",
		"results": [
			{
				"where": "text/rfcs/rfc6838.txt",
				"count": 65,
				"score": 0.006939
			}
		]
	},
	{
		"queries": "fa fe fi fo fu",
		"results": [
			{
				"where": "text/rfcs/rfc6838.txt",
				"count": 287,
				"score": 0.030639
			}
		]
	},
	{
		"queries": "fn fo fp fq fr fs ft fu fv fw fx fy fz",
		"results": [
			{
				"where": "text/rfcs/rfc6838.txt",
				"count": 299,
				"score": 0.031921
			}
		]
	},
	{
		"queries": "g",
		"results": [
			{
				"where": "text/rfcs/rfc6838.txt",
				"count": 51,
				"score": 0.005445
			}
		]
	},
	{
		"queries": "g h",
		"results": [
			{
				"where": "text/rfcs/rfc6838.txt",
				"count": 172,
				"score": 0.018362
			}
		]
	},
	{
		"queries": "g h i",
		"results": [
			{
				"where": "text/rfcs/rfc6838.txt",
				"count": 968,
				"score": 0.103342
			}
		]
	},
	{
		"queries": "g h i j k l",
		"results": [
			{
				"where": "text/rfcs/rfc6838.txt",
				"count": 1141,
				"score": 0.121811
			}
		]
	},
	{
		"queries": "ga gb gc gd ge gf gg gh gi gj gk gl gm",
		"results": [
			{
				"where": "text/rfcs/rfc6838.txt",
				"count": 34,
				"score": 0.003630
			}
		]
	},
	{
		"queries": "ga ge gi go gu",
		"results": [
			{
				"where": "text/rfcs/rfc6838.txt",
				"count": 44,
				"score": 0.004697
			}
		]
	},
	{
		"queries": "gn go gp gq gr gs gt gu gv gw gx gy gz",
		"results": [
			{
				"where": "text/rfcs/rfc6838.txt",
				"count": 17,
				"score": 0.001815
			}
		]
	},
	{
		"queries": "h",
		"results": [
			{
				"where": "text/rfcs/rfc6838.txt",
				"count": 121,
				"score": 0.012918
			}
		]
	},
	{
		"queries": "h i j k l m n",
		"results": [
			{
				"where": "text/rfcs/rfc6838.txt",
				"count": 1918,
				"score": 0.204761
			}
		]
	},
	{
		"queries": "ha hb hc hd he hf hg hh hi hj hk hl hm",
		"results": [
			{
				"where": "text/rfcs/rfc6838.txt",
				"count": 83,
				"score": 0.008861
			}
		]
	},
	{
		"queries": "ha he hi ho hu",
		"results": [
			{
				"where": "text/rfcs/rfc6838.txt",
				"count": 106,
				"score": 0.011316
			}
		]
	},
	{
		"queries": "hn ho hp hq hr hs ht hu hv hw hx hy hz",
		"results": [
			{
				"where": "text/rfcs/rfc6838.txt",
				"count": 36,
				"score": 0.003843
			}
		]
	},
	{
		"queries": "i",
		"results": [
			{
				"where": "text/rfcs/rfc6838.txt",
				"count": 796,
				"score": 0.084979
			}
		]
	},
	{
		"queries": "i j",
		"results": [
			{
				"where": "text/rfcs/rfc6838.txt",
				"count": 853,
				"score": 0.091064
			}
		]
	},
	{
		"queries": "i j k l",
		"results": [
			{
				"where": "text/rfcs/rfc6838.txt",
				"count": 969,
				"score": 0.103448
			}
		]
	},
	{
		"queries": "i j k l m n o p",
		"results": [
			{
				"where": "text/rfcs/rfc6838.txt",
				"count": 2839,
				"score": 0.303085
			}
		]
	},
	{
		"queries": "ia ib ic id ie if ig ih ii ij ik il im",
		"results": [
			{
				"where": "text/rfcs/rfc6838.txt",
				"count": 179,
				"score": 0.019110
			}
		]
	},
	{
		"queries": "ia ie ii io iu",
		"results": [
			{
				"where": "text/rfcs/rfc6838.txt",
				"count": 96,
				"score": 0.010249
			}
		]
	},
	{
		"queries": "in io ip iq ir is it iu iv iw ix iy iz",
		"results": [
			{
				"where": "text/rfcs/rfc6838.txt",
				"count": 617,
				"score": 0.065870
			}
		]
	},
	{
		"queries": "j",
		"results": [
			{
				"where": "text/rfcs/rfc6838.txt",
				"count": 57,
				"score": 0.006085
			}
		]
	},
	{
		"queries": "j k l",
		"results": [
			{
				"where": "text/rfcs/rfc6838.txt",
				"count": 173,
				"score": 0.018469
			}
		]
	},
	{
		"queries": "j k l m n o p q r",
		"results": [
			{
				"where": "text/rfcs/rfc6838.txt",
				"count": 2823,
				"score": 0.301377
			}
		]
	},
	{
		"queries": "ja jb jc jd je jf jg jh ji jj jk jl jm",
		"results": [
			{
				"where": "text/rfcs/rfc6838.txt",
				"count": 37,
				"score": 0.003950
			}
		]
	},
	{
		"queries": "ja je ji jo ju",
		"results": [
			{
				"where": "text/rfcs/rfc6838.txt",
				"count": 45,
				"score": 0.004804
			}
		]
	},
	{
		"queries": "jn jo jp jq jr js jt ju jv jw jx jy jz",
		"results": [
			{
				"where": "text/rfcs/rfc6838.txt",
				"count": 10,
				"score": 0.001068
			}
		]
	},
	{
		"queries": "k",
		"results": [
			{
				"where": "text/rfcs/rfc6838.txt",
				"count": 19,
				"score": 0.002028
			}
		]
	},
	{
		"queries": "k l",
		"results": [
			{
				"where": "text/rfcs/rfc6838.txt",
				"count": 116,
				"score": 0.012384
			}
		]
	},
	{
		"queries": "k l m n o",
		"results": [
			{
				"where": "text/rfcs/rfc6838.txt",
				"count": 1516,
				"score": 0.161845
			}
		]
	},
	{
		"queries": "k l m n o p q r s t",
		"results": [
			{
				"where": "text/rfcs/rfc6838.txt",
				"count": 5114,
				"score": 0.545959
			}
		]
	},
	{
		"queries": "ka kb kc kd ke kf kg kh ki kj kk kl km",
		"results": [
			{
				"where": "text/rfcs/rfc6838.txt",
				"count": 7,
				"score": 0.000747
			}
		]
	},
	{
		"queries": "ka ke ki ko ku",
		"results": [
			{
				"where": "text/rfcs/rfc6838.txt",
				"count": 5,
				"score": 0.000534
			}
		]
	},
	{
		"queries": "kn ko kp kq kr ks kt ku kv kw kx ky kz",
		"results": [
			{
				"where": "text/rfcs/rfc6838.txt",
				"count": 11,
				"score": 0.001174
			}
		]
	},
	{
		"queries": "l",
		"results": [
			{
				"where": "text/rfcs/rfc6838.txt",
				"count": 97,
				"score": 0.010356
			}
		]
	},
	{
		"queries": "la lb lc ld le lf lg lh li lj lk ll lm",
		"results": [
			{
				"where": "text/rfcs/rfc6838.txt",
				"count": 83,
				"score": 0.008861
			}
		]
	},
	{
		"queries": "la le li lo lu",
		"results": [
			{
				"where": "text/rfcs/rfc6838.txt",
				"count": 95,
				"score": 0.010142
			}
		]
	},
	{
		"queries": "ln lo lp lq lr ls lt lu lv lw lx ly lz",
		"results": [
			{
				"where": "text/rfcs/rfc6838.txt",
				"count": 12,
				"score": 0.001281
			}
		]
	},
	{
		"queries": "m",
		"results": [
			{
				"where": "text/rfcs/rfc6838.txt",
				"count": 542,
				"score": 0.057863
			}
		]
	},
	{
		"queries": "m n",
		"results": [
			{
				"where": "text/rfcs/rfc6838.txt",
				"count": 828,
				"score": 0.088395
			}
		]
	},
	{
		"queries": "m n o",
		"results": [
			{
				"where": "text/rfcs/rfc6838.txt",
				"count": 1400,
				"score": 0.149461
			}
		]
	},
	{
		"queries": "m n o p",
		"results": [
			{
				"where": "text/rfcs/rfc6838.txt",
				"count": 1870,
				"score": 0.199637
			}
		]
	},
	{
		"queries": "m n o p q r",
		"results": [
			{
				"where": "text/rfcs/rfc6838.txt",
				"count": 2650,
				"score": 0.282908
			}
		]
	},
	{
		"queries": "ma mb mc md me mf mg mh mi mj mk ml mm",
		"results": [
			{
				"where": "text/rfcs/rfc6838.txt",
				"count": 457,
				"score": 0.048788
			}
		]
	},
	{
		"queries": "ma me mi mo mu",
		"results": [
			{
				"where": "text/rfcs/rfc6838.txt",
				"count": 540,
				"score": 0.057649
			}
		]
	},
	{
		"queries": "mn mo mp mq mr ms mt mu mv mw mx my mz",
		"results": [
			{
				"where": "text/rfcs/rfc6838.txt",
				"count": 83,
				"score": 0.008861
			}
		]
	},
	{
		"queries": "n",
		"results": [
			{
				"where": "text/rfcs/rfc6838.txt",
				"count": 286,
				"score": 0.030533
			}
		]
	},
	{
		"queries": "na nb nc nd ne nf ng nh ni nj nk nl nm",
		"results": [
			{
				"where": "text/rfcs/rfc6838.txt",
				"count": 132,
				"score": 0.014092
			}
		]
	},
	{
		"queries": "na ne ni no nu",
		"results": [
			{
				"where": "text/rfcs/rfc6838.txt",
				"count": 275,
				"score": 0.029358
			}
		]
	},
	{
		"queries": "nn no np nq nr ns nt nu nv nw nx ny nz",
		"results": [
			{
				"where": "text/rfcs/rfc6838.txt",
				"count": 144,
				"score": 0.015373
			}
		]
	},
	{
		"queries": "o",
		"results": [
			{
				"where": "text/rfcs/rfc6838.txt",
				"count": 572,
				"score": 0.061065
			}
		]
	},
	{
		"queries": "o p",
		"results": [
			{
				"where": "text/rfcs/rfc6838.txt",
				"count": 1042,
				"score": 0.111242
			}
		]
	},
	{
		"queries": "o p q r s t u",
		"results": [
			{
				"where": "text/rfcs/rfc6838.txt",
				"count": 4332,
				"score": 0.462475
			}
		]
	},
	{
		"queries": "oa ob oc od oe of og oh oi oj ok ol om",
		"results": [
			{
				"where": "text/rfcs/rfc6838.txt",
				"count": 292,
				"score": 0.031173
			}
		]
	},
	{
		"queries": "oa oe oi oo ou",
		"results": [
			{
				"where": "text/rfcs/rfc6838.txt",
				"count": 7,
				"score": 0.000747
			}
		]
	},
	{
		"queries": "on oo op oq or os ot ou ov ow ox oy oz",
		"results": [
			{
				"where": "text/rfcs/rfc6838.txt",
				"count": 250,
				"score": 0.026689
			}
		]
	},
	{
		"queries": "p",
		"results": [
			{
				"where": "text/rfcs/rfc6838.txt",
				"count": 470,
				"score": 0.050176
			}
		]
	},
	{
		"queries": "p q r",
		"results": [
			{
				"where": "text/rfcs/rfc6838.txt",
				"count": 1250,
				"score": 0.133447
			}
		]
	},
	{
		"queries": "p q r s t",
		"results": [
			{
				"where": "text/rfcs/rfc6838.txt",
				"count": 3598,
				"score": 0.384114
			}
		]
	},
	{
		"queries": "pa pb pc pd pe pf pg ph pi pj pk pl pm",
		"results": [
			{
				"where": "text/rfcs/rfc6838.txt",
				"count": 163,
				"score": 0.017402
			}
		]
	},
	{
		"queries": "pa pe pi po pu",
		"results": [
			{
				"where": "text/rfcs/rfc6838.txt",
				"count": 218,
				"score": 0.023273
			}
		]
	},
	{
		"queries": "pn po pp pq pr ps pt pu pv pw px py pz",
		"results": [
			{
				"where": "text/rfcs/rfc6838.txt",
				"count": 304,
				"score": 0.032454
			}
		]
	},
	{
		"queries": "q",
		"results": [
			{
				"where": "text/rfcs/rfc6838.txt",
				"count": 8,
				"score": 0.000854
			}
		]
	},
	{
		"queries": "q r",
		"results": [
			{
				"where": "text/rfcs/rfc6838.txt",
				"count": 780,
				"score": 0.083271
			}
		]
	},
	{
		"queries": "q r s t",
		"results": [
			{
				"where": "text/rfcs/rfc6838.txt",
				"count": 3128,
				"score": 0.333938
			}
		]
	},
	{
		"queries": "q r s t u v w x",
		"results": [
			{
				"where": "text/rfcs/rfc6838.txt",
				"count": 3608,
				"score": 0.385182
			}
		]
	},
	{
		"queries": "qa qb qc qd qe qf qg qh qi qj qk ql qm",
		"results": [
		]
	},
	{
		"queries": "qa qe qi qo qu",
		"results": [
			{
				"where": "text/rfcs/rfc6838.txt",
				"count": 8,
				"score": 0.000854
			}
		]
	},
	{
		"queries": "qn qo qp qq qr qs qt qu qv qw qx qy qz",
		"results": [
			{
				"where": "text/rfcs/rfc6838.txt",
				"count": 8,
				"score": 0.000854
			}
		]
	},
	{
		"queries": "r",
		"results": [
			{
				"where": "text/rfcs/rfc6838.txt",
				"count": 772,
				"score": 0.082417
			}
		]
	},
	{
		"queries": "ra rb rc rd re rf rg rh ri rj rk rl rm",
		"results": [
			{
				"where": "text/rfcs/rfc6838.txt",
				"count": 759,
				"score": 0.081029
			}
		]
	},
	{
		"queries": "ra re ri ro ru",
		"results": [
			{
				"where": "text/rfcs/rfc6838.txt",
				"count": 630,
				"score": 0.067257
			}
		]
	},
	{
		"queries": "rn ro rp rq rr rs rt ru rv rw rx ry rz",
		"results": [
			{
				"where": "text/rfcs/rfc6838.txt",
				"count": 11,
				"score": 0.001174
			}
		]
	},
	{
		"queries": "s",
		"results": [
			{
				"where": "text/rfcs/rfc6838.txt",
				"count": 724,
				"score": 0.077293
			}
		]
	},
	{
		"queries": "s t",
		"results": [
			{
				"where": "text/rfcs/rfc6838.txt",
				"count": 2348,
				"score": 0.250667
			}
		]
	},
	{
		"queries": "s t u",
		"results": [
			{
				"where": "text/rfcs/rfc6838.txt",
				"count": 2510,
				"score": 0.267962
			}
		]
	},
	{
		"queries": "s t u v w x",
		"results": [
			{
				"where": "text/rfcs/rfc6838.txt",
				"count": 2828,
				"score": 0.301911
			}
		]
	},
	{
		"queries": "sa sb sc sd se sf sg sh si sj sk sl sm",
		"results": [
			{
				"where": "text/rfcs/rfc6838.txt",
				"count": 200,
				"score": 0.021352
			}
		]
	},
	{
		"queries": "sa se si so su",
		"results": [
			{
				"where": "text/rfcs/rfc6838.txt",
				"count": 376,
				"score": 0.040141
			}
		]
	},
	{
		"queries": "sn so sp sq sr ss st su sv sw sx sy sz",
		"results": [
			{
				"where": "text/rfcs/rfc6838.txt",
				"count": 516,
				"score": 0.055087
			}
		]
	},
	{
		"queries": "t",
		"results": [
			{
				"where": "text/rfcs/rfc6838.txt",
				"count": 1624,
				"score": 0.173375
			}
		]
	},
	{
		"queries": "ta tb tc td te tf tg th ti tj tk tl tm",
		"results": [
			{
				"where": "text/rfcs/rfc6838.txt",
				"count": 914,
				"score": 0.097577
			}
		]
	},
	{
		"queries": "ta te ti to tu",
		"results": [
			{
				"where": "text/rfcs/rfc6838.txt",
				"count": 343,
				"score": 0.036618
			}
		]
	},
	{
		"queries": "tn to tp tq tr ts tt tu tv tw tx ty tz",
		"results": [
			{
				"where": "text/rfcs/rfc6838.txt",
				"count": 705,
				"score": 0.075264
			}
		]
	},
	{
		"queries": "u",
		"results": [
			{
				"where": "text/rfcs/rfc6838.txt",
				"count": 162,
				"score": 0.017295
			}
		]
	},
	{
		"queries": "u v",
		"results": [
			{
				"where": "text/rfcs/rfc6838.txt",
				"count": 233,
				"score": 0.024875
			}
		]
	},
	{
		"queries": "u v w x",
		"results": [
			{
				"where": "text/rfcs/rfc6838.txt",
				"count": 480,
				"score": 0.051244
			}
		]
	},
	{
		"queries": "u v w x y",
		"results": [
			{
				"where": "text/rfcs/rfc6838.txt",
				"count": 483,
				"score": 0.051564
			}
		]
	},
	{
		"queries": "ua ub uc ud ue uf ug uh ui uj uk ul um",
		"results": [
		]
	},
	{
		"queries": "ua ue ui uo uu",
		"results": [
		]
	},
	{
		"queries": "un uo up uq ur us ut uu uv uw ux uy uz",
		"results": [
			{
				"where": "text/rfcs/rfc6838.txt",
				"count": 162,
				"score": 0.017295
			}
		]
	},
	{
		"queries": "v",
		"results": [
			{
				"where": "text/rfcs/rfc6838.txt",
				"count": 71,
				"score": 0.007580
			}
		]
	},
	{
		"queries": "v w x",
		"results": [
			{
				"where": "text/rfcs/rfc6838.txt",
				"count": 318,
				"score": 0.033949
			}
		]
	},
	{
		"queries": "va vb vc vd ve vf vg vh vi vj vk vl vm",
		"results": [
			{
				"where": "text/rfcs/rfc6838.txt",
				"count": 68,
				"score": 0.007260
			}
		]
	},
	{
		"queries": "va ve vi vo vu",
		"results": [
			{
				"where": "text/rfcs/rfc6838.txt",
				"count": 68,
				"score": 0.007260
			}
		]
	},
	{
		"queries": "vn vo vp vq vr vs vt vu vv vw vx vy vz",
		"results": [
			{
				"where": "text/rfcs/rfc6838.txt",
				"count": 3,
				"score": 0.000320
			}
		]
	},
	{
		"queries": "w",
		"results": [
			{
				"where": "text/rfcs/rfc6838.txt",
				"count": 228,
				"score": 0.024341
			}
		]
	},
	{
		"queries": "w x",
		"results": [
			{
				"where": "text/rfcs/rfc6838.txt",
				"count": 247,
				"score": 0.026369
			}
		]
	},
	{
		"queries": "wa wb wc wd we wf wg wh wi wj wk wl wm",
		"results": [
			{
				"where": "text/rfcs/rfc6838.txt",
				"count": 211,
				"score": 0.022526
			}
		]
	},
	{
		"queries": "wa we wi wo wu",
		"results": [
			{
				"where": "text/rfcs/rfc6838.txt",
				"count": 155,
				"score": 0.016547
			}
		]
	},
	{
		"queries": "wn wo wp wq wr ws wt wu wv ww wx wy wz",
		"results": [
			{
				"where": "text/rfcs/rfc6838.txt",
				"count": 17,
				"score": 0.001815
			}
		]
	},
	{
		"queries": "x",
		"results": [
			{
				"where": "text/rfcs/rfc6838.txt",
				"count": 19,
				"score": 0.002028
			}
		]
	},
	{
		"queries": "xa xb xc xd xe xf xg xh xi xj xk xl xm",
		"results": [
			{
				"where": "text/rfcs/rfc6838.txt",
				"count": 8,
				"score": 0.000854
			}
		]
	},
	{
		"queries": "xa xe xi xo xu",
		"results": [
		]
	},
	{
		"queries": "xn xo xp xq xr xs xt xu xv xw xx xy xz",
		"results": [
		]
	},
	{
		"queries": "y",
		"results": [
			{
				"where": "text/rfcs/rfc6838.txt",
				"count": 3,
				"score": 0.000320
			}
		]
	},
	{
		"queries": "y z",
		"results": [
			{
				"where": "text/rfcs/rfc6838.txt",
				"count": 4,
				"score": 0.000427
			}
		]
	},
	{
		"queries": "ya yb yc yd ye yf yg yh yi yj yk yl ym",
		"results": [
			{
				"where": "text/rfcs/rfc6838.txt",
				"count": 2,
				"score": 0.000214
			}
		]
	},
	{
		"queries": "ya ye yi yo yu",
		"results": [
			{
				"where": "text/rfcs/rfc6838.txt",
				"count": 3,
				"score": 0.000320
			}
		]
	},
	{
		"queries": "yn yo yp yq yr ys yt yu yv yw yx yy yz",
		"results": [
			{
				"where": "text/rfcs/rfc6838.txt",
				"count": 1,
				"score": 0.000107
			}
		]
	},
	{
		"queries": "z",
		"results": [
			{
				"where": "text/rfcs/rfc6838.txt",
				"count": 1,
				"score": 0.000107
			}
		]
	},
	{
		"queries": "za zb zc zd ze zf zg zh zi zj zk zl zm",
		"results": [
			{
				"where": "text/rfcs/rfc6838.txt",
				"count": 1,
				"score": 0.000107
			}
		]
	},
	{
		"queries": "za ze zi zo zu",
		"results": [
			{
				"where": "text/rfcs/rfc6838.txt",
				"count": 1,
				"score": 0.000107
			}
		]
	},
	{
		"queries": "zn zo zp zq zr zs zt zu zv zw zx zy zz",
		"results": [
		]
	}
]