[
	{
		"queries": "a",
		"results": [
			{
				"where": "text/rfcs/rfc475.txt",
				"count": 376,
				"score": 0.116481
			}
		]
	},
	{
		"queries": "a b",
		"results": [
			{
				"where": "text/rfcs/rfc475.txt",
				"count": 506,
				"score": 0.156753
			}
		]
	},
	{
		"queries": "a b c",
		"results": [
			{
				"where": "text/rfcs/rfc475.txt",
				"count": 679,
				"score": 0.210347
			}
		]
	},
	{
		"queries": "a b c d",
		"results": [
			{
				"where": "text/rfcs/rfc475.txt",
				"count": 788,
				"score": 0.244114
			}
		]
	},
	{
		"queries": "a b c d e",
		"results": [
			{
				"where": "text/rfcs/rfc475.txt",
				"count": 834,
				"score": 0.258364
			}
		]
	},
	{
		"queries": "a b c d e f",
		"results": [
			{
				"where": "text/rfcs/rfc475.txt",
				"count": 1034,
				"score": 0.320322
			}
		]
	},
	{
		"queries": "a b c d e f g",
		"results": [
			{
				"where": "text/rfcs/rfc475.txt",
				"count": 1054,
				"score": 0.326518
			}
		]
	},
	{
		"queries": "a b c d e f g h",
		"results": [
			{
				"where": "text/rfcs/rfc475.txt",
				"count": 1136,
				"score": 0.351921
			}
		]
	},
	{
		"queries": "a b c d e f g h i",
		"results": [
			{
				"where": "text/rfcs/rfc475.txt",
				"count": 1388,
				"score": 0.429988
			}
		]
	},
	{
		"queries": "a b c d e f g h i j",
		"results": [
			{
				"where": "text/rfcs/rfc475.txt",
				"count": 1394,
				"score": 0.431846
			}
		]
	},
	{
		"queries": "aa ab ac ad ae af ag ah ai aj ak al am",
		"results": [
			{
				"where": "text/rfcs/rfc475.txt",
				"count": 95,
				"score": 0.029430
			}
		]
	},
	{
		"queries": "aa ae ai ao au",
		"results": [
			{
				"where": "text/rfcs/rfc475.txt",
				"count": 10,
				"score": 0.003098
			}
		]
	},
	{
		"queries": "aa ee ii oo uu",
		"results": [
		]
	},
	{
		"queries": "an ao ap aq ar as at au av aw ax ay az",
		"results": [
			{
				"where": "text/rfcs/rfc475.txt",
				"count": 215,
				"score": 0.066605
			}
		]
	},
	{
		"queries": "b",
		"results": [
			{
				"where": "text/rfcs/rfc475.txt",
				"count": 130,
				"score": 0.040273
			}
		]
	},
	{
		"queries": "ba bb bc bd be bf bg bh bi bj bk bl bm",
		"results": [
			{
				"where": "text/rfcs/rfc475.txt",
				"count": 90,
				"score": 0.027881
			}
		]
	},
	{
		"queries": "ba be bi bo bu",
		"results": [
			{
				"where": "text/rfcs/rfc475.txt",
				"count": 91,
				"score": 0.028191
			}
		]
	},
	{
		"queries": "bn bo bp bq br bs bt bu bv bw bx by bz",
		"results": [
			{
				"where": "text/rfcs/rfc475.txt",
				"count": 40,
				"score": 0.012392
			}
		]
	},
	{
		"queries": "c",
		"results": [
			{
				"where": "text/rfcs/rfc475.txt",
				"count": 173,
				"score": 0.053594
			}
		]
	},
	{
		"queries": "c d",
		"results": [
			{
				"where": "text/rfcs/rfc475.txt",
				"count": 282,
				"score": 0.087361
			}
		]
	},
	{
		"queries": "ca cb cc cd ce cf cg ch ci cj ck cl cm",
		"results": [
			{
				"where": "text/rfcs/rfc475.txt",
				"count": 62,
				"score": 0.019207
			}
		]
	},
	{
		"queries": "ca ce ci co cu",
		"results": [
			{
				"where": "text/rfcs/rfc475.txt",
				"count": 153,
				"score": 0.047398
			}
		]
	},
	{
		"queries": "cn co cp cq cr cs ct cu cv cw cx cy cz",
		"results": [
			{
				"where": "text/rfcs/rfc475.txt",
				"count": 111,
				"score": 0.034387
			}
		]
	},
	{
		"queries": "d",
		"results": [
			{
				"where": "text/rfcs/rfc475.txt",
				"count": 109,
				"score": 0.033767
			}
		]
	},
	{
		"queries": "d e f",
		"results": [
			{
				"where": "text/rfcs/rfc475.txt",
				"count": 355,
				"score": 0.109975
			}
		]
	},
	{
		"queries": "da db dc dd de df dg dh di dj dk dl dm",
		"results": [
			{
				"where": "text/rfcs/rfc475.txt",
				"count": 81,
				"score": 0.025093
			}
		]
	},
	{
		"queries": "da de di do du",
		"results": [
			{
				"where": "text/rfcs/rfc475.txt",
				"count": 108,
				"score": 0.033457
			}
		]
	},
	{
		"queries": "dn do dp dq dr ds dt du dv dw dx dy dz",
		"results": [
			{
				"where": "text/rfcs/rfc475.txt",
				"count": 28,
				"score": 0.008674
			}
		]
	},
	{
		"queries": "e",
		"results": [
			{
				"where": "text/rfcs/rfc475.txt",
				"count": 46,
				"score": 0.014250
			}
		]
	},
	{
		"queries": "e f",
		"results": [
			{
				"where": "text/rfcs/rfc475.txt",
				"count": 246,
				"score": 0.076208
			}
		]
	},
	{
		"queries": "e f g h",
		"results": [
			{
				"where": "text/rfcs/rfc475.txt",
				"count": 348,
				"score": 0.107807
			}
		]
	},
	{
		"queries": "ea eb ec ed ee ef eg eh ei ej ek el em",
		"results": [
			{
				"where": "text/rfcs/rfc475.txt",
				"count": 21,
				"score": 0.006506
			}
		]
	},
	{
		"queries": "ea ee ei eo eu",
		"results": [
			{
				"where": "text/rfcs/rfc475.txt",
				"count": 2,
				"score": 0.000620
			}
		]
	},
	{
		"queries": "en eo ep eq er es et eu ev ew ex ey ez",
		"results": [
			{
				"where": "text/rfcs/rfc475.txt",
				"count": 25,
				"score": 0.007745
			}
		]
	},
	{
		"queries": "f",
		"results": [
			{
				"where": "text/rfcs/rfc475.txt",
				"count": 200,
				"score": 0.061958
			}
		]
	},
	{
		"queries": "f g h i j",
		"results": [
			{
				"where": "text/rfcs/rfc475.txt",
				"count": 560,
				"score": 0.173482
			}
		]
	},
	{
		"queries": "fa fb fc fd fe ff fg fh fi fj fk fl fm",
		"results": [
			{
				"where": "text/rfcs/rfc475.txt",
				"count": 44,
				"score": 0.013631
			}
		]
	},
	{
		"queries": "fa fe fi fo fu",
		"results": [
			{
				"where": "text/rfcs/rfc475.txt",
				"count": 144,
				"score": 0.044610
			}
		]
	},
	{
		"queries": "fn fo fp fq fr fs ft fu fv fw fx fy fz",
		"results": [
			{
				"where": "text/rfcs/rfc475.txt",
				"count": 156,
				"score": 0.048327
			}
		]
	},
	{
		"queries": "g",
		"results": [
			{
				"where": "text/rfcs/rfc475.txt",
				"count": 20,
				"score": 0.006196
			}
		]
	},
	{
		"queries": "g h",
		"results": [
			{
				"where": "text/rfcs/rfc475.txt",
				"count": 102,
				"score": 0.031599
			}
		]
	},
	{
		"queries": "g h i",
		"results": [
			{
				"where": "text/rfcs/rfc475.txt",
				"count": 354,
				"score": 0.109665
			}
		]
	},
	{
		"queries": "g h i j k l",
		"results": [
			{
				"where": "text/rfcs/rfc475.txt",
				"count": 420,
				"score": 0.130112
			}
		]
	},
	{
		"queries": "ga gb gc gd ge gf gg gh gi gj gk gl gm",
		"results": [
			{
				"where": "text/rfcs/rfc475.txt",
				"count": 7,
				"score": 0.002169
			}
		]
	},
	{
		"queries": "ga ge gi go gu",
		"results": [
			{
				"where": "text/rfcs/rfc475.txt",
				"count": 11,
				"score": 0.003408
			}
		]
	},
	{
		"queries": "gn go gp gq gr gs gt gu gv gw gx gy gz",
		"results": [
			{
				"where": "text/rfcs/rfc475.txt",
				"count": 13,
				"score": 0.004027
			}
		]
	},
	{
		"queries": "h",
		"results": [
			{
				"where": "text/rfcs/rfc475.txt",
				"count": 82,
				"score": 0.025403
			}
		]
	},
	{
		"queries": "h i j k l m n",
		"results": [
			{
				"where": "text/rfcs/rfc475.txt",
				"count": 837,
				"score": 0.259294
			}
		]
	},
	{
		"queries": "ha hb hc hd he hf hg hh hi hj hk hl hm",
		"results": [
			{
				"where": "text/rfcs/rfc475.txt",
				"count": 52,
				"score": 0.016109
			}
		]
	},
	{
		"queries": "ha he hi ho hu",
		"results": [
			{
				"where": "text/rfcs/rfc475.txt",
				"count": 82,
				"score": 0.025403
			}
		]
	},
	{
		"queries": "hn ho hp hq hr hs ht hu hv hw hx hy hz",
		"results": [
			{
				"where": "text/rfcs/rfc475.txt",
				"count": 30,
				"score": 0.009294
			}
		]
	},
	{
		"queries": "i",
		"results": [
			{
				"where": "text/rfcs/rfc475.txt",
				"count": 252,
				"score": 0.078067
			}
		]
	},
	{
		"queries": "i j",
		"results": [
			{
				"where": "text/rfcs/rfc475.txt",
				"count": 258,
				"score": 0.079926
			}
		]
	},
	{
		"queries": "i j k l",
		"results": [
			{
				"where": "text/rfcs/rfc475.txt",
				"count": 318,
				"score": 0.098513
			}
		]
	},
	{
		"queries": "i j k l m n o p",
		"results": [
			{
				"where": "text/rfcs/rfc475.txt",
				"count": 1004,
				"score": 0.311029
			}
		]
	},
	{
		"queries": "ia ib ic id ie if ig ih ii ij ik il im",
		"results": [
			{
				"where": "text/rfcs/rfc475.txt",
				"count": 59,
				"score": 0.018278
			}
		]
	},
	{
		"queries": "ia ie ii io iu",
		"results": [
			{
				"where": "text/rfcs/rfc475.txt",
				"count": 2,
				"score": 0.000620
			}
		]
	},
	{
		"queries": "in io ip iq ir is it iu iv iw ix iy iz",
		"results": [
			{
				"where": "text/rfcs/rfc475.txt",
				"count": 192,
				"score": 0.059480
			}
		]
	},
	{
		"queries": "j",
		"results": [
			{
				"where": "text/rfcs/rfc475.txt",
				"count": 6,
				"score": 0.001859
			}
		]
	},
	{
		"queries": "j k l",
		"results": [
			{
				"where": "text/rfcs/rfc475.txt",
				"count": 66,
				"score": 0.020446
			}
		]
	},
	{
		"queries": "j k l m n o p q r",
		"results": [
			{
				"where": "text/rfcs/rfc475.txt",
				"count": 885,
				"score": 0.274164
			}
		]
	},
	{
		"queries": "ja jb jc jd je jf jg jh ji jj jk jl jm",
		"results": [
		]
	},
	{
		"queries": "ja je ji jo ju",
		"results": [
			{
				"where": "text/rfcs/rfc475.txt",
				"count": 6,
				"score": 0.001859
			}
		]
	},
	{
		"queries": "jn jo jp jq jr js jt ju jv jw jx jy jz",
		"results": [
			{
				"where": "text/rfcs/rfc475.txt",
				"count": 6,
				"score": 0.001859
			}
		]
	},
	{
		"queries": "k",
		"results": [
			{
				"where": "text/rfcs/rfc475.txt",
				"count": 10,
				"score": 0.003098
			}
		]
	},
	{
		"queries": "k l",
		"results": [
			{
				"where": "text/rfcs/rfc475.txt",
				"count": 60,
				"score": 0.018587
			}
		]
	},
	{
		"queries": "k l m n o",
		"results": [
			{
				"where": "text/rfcs/rfc475.txt",
				"count": 650,
				"score": 0.201363
			}
		]
	},
	{
		"queries": "k l m n o p q r s t",
		"results": [
			{
				"where": "text/rfcs/rfc475.txt",
				"count": 1609,
				"score": 0.498451
			}
		]
	},
	{
		"queries": "ka kb kc kd ke kf kg kh ki kj kk kl km",
		"results": [
			{
				"where": "text/rfcs/rfc475.txt",
				"count": 4,
				"score": 0.001239
			}
		]
	},
	{
		"queries": "ka ke ki ko ku",
		"results": [
			{
				"where": "text/rfcs/rfc475.txt",
				"count": 2,
				"score": 0.000620
			}
		]
	},
	{
		"queries": "kn ko kp kq kr ks kt ku kv kw kx ky kz",
		"results": [
			{
				"where": "text/rfcs/rfc475.txt",
				"count": 6,
				"score": 0.001859
			}
		]
	},
	{
		"queries": "l",
		"results": [
			{
				"where": "text/rfcs/rfc475.txt",
				"count": 50,
				"score": 0.015489
			}
		]
	},
	{
		"queries": "la lb lc ld le lf lg lh li lj lk ll lm",
		"results": [
			{
				"where": "text/rfcs/rfc475.txt",
				"count": 20,
				"score": 0.006196
			}
		]
	},
	{
		"queries": "la le li lo lu",
		"results": [
			{
				"where": "text/rfcs/rfc475.txt",
				"count": 49,
				"score": 0.015180
			}
		]
	},
	{
		"queries": "ln lo lp lq lr ls lt lu lv lw lx ly lz",
		"results": [
			{
				"where": "text/rfcs/rfc475.txt",
				"count": 29,
				"score": 0.008984
			}
		]
	},
	{
		"queries": "m",
		"results": [
			{
				"where": "text/rfcs/rfc475.txt",
				"count": 283,
				"score": 0.087670
			}
		]
	},
	{
		"queries": "m n",
		"results": [
			{
				"where": "text/rfcs/rfc475.txt",
				"count": 437,
				"score": 0.135378
			}
		]
	},
	{
		"queries": "m n o",
		"results": [
			{
				"where": "text/rfcs/rfc475.txt",
				"count": 590,
				"score": 0.182776
			}
		]
	},
	{
		"queries": "m n o p",
		"results": [
			{
				"where": "text/rfcs/rfc475.txt",
				"count": 686,
				"score": 0.212515
			}
		]
	},
	{
		"queries": "m n o p q r",
		"results": [
			{
				"where": "text/rfcs/rfc475.txt",
				"count": 819,
				"score": 0.253717
			}
		]
	},
	{
		"queries": "ma mb mc md me mf mg mh mi mj mk ml mm",
		"results": [
			{
				"where": "text/rfcs/rfc475.txt",
				"count": 259,
				"score": 0.080235
			}
		]
	},
	{
		"queries": "ma me mi mo mu",
		"results": [
			{
				"where": "text/rfcs/rfc475.txt",
				"count": 272,
				"score": 0.084263
			}
		]
	},
	{
		"queries": "mn mo mp mq mr ms mt mu mv mw mx my mz",
		"results": [
			{
				"where": "text/rfcs/rfc475.txt",
				"count": 24,
				"score": 0.007435
			}
		]
	},
	{
		"queries": "n",
		"results": [
			{
				"where": "text/rfcs/rfc475.txt",
				"count": 154,
				"score": 0.047708
			}
		]
	},
	{
		"queries": "na nb nc nd ne nf ng nh ni nj nk nl nm",
		"results": [
			{
				"where": "text/rfcs/rfc475.txt",
				"count": 108,
				"score": 0.033457
			}
		]
	},
	{
		"queries": "na ne ni no nu",
		"results": [
			{
				"where": "text/rfcs/rfc475.txt",
				"count": 144,
				"score": 0.044610
			}
		]
	},
	{
		"queries": "nn no np nq nr ns nt nu nv nw nx ny nz",
		"results": [
			{
				"where": "text/rfcs/rfc475.txt",
				"count": 46,
				"score": 0.014250
			}
		]
	},
	{
		"queries": "o",
		"results": [
			{
				"where": "text/rfcs/rfc475.txt",
				"count": 153,
				"score": 0.047398
			}
		]
	},
	{
		"queries": "o p",
		"results": [
			{
				"where": "text/rfcs/rfc475.txt",
				"count": 249,
				"score": 0.077138
			}
		]
	},
	{
		"queries": "o p q r s t u",
		"results": [
			{
				"where": "text/rfcs/rfc475.txt",
				"count": 1249,
				"score": 0.386927
			}
		]
	},
	{
		"queries": "oa ob oc od oe of og oh oi oj ok ol om",
		"results": [
			{
				"where": "text/rfcs/rfc475.txt",
				"count": 57,
				"score": 0.017658
			}
		]
	},
	{
		"queries": "oa oe oi oo ou",
		"results": [
			{
				"where": "text/rfcs/rfc475.txt",
				"count": 3,
				"score": 0.000929
			}
		]
	},
	{
		"queries": "on oo op oq or os ot ou ov ow ox oy oz",
		"results": [
			{
				"where": "text/rfcs/rfc475.txt",
				"count": 95,
				"score": 0.029430
			}
		]
	},
	{
		"queries": "p",
		"results": [
			{
				"where": "text/rfcs/rfc475.txt",
				"count": 96,
				"score": 0.029740
			}
		]
	},
	{
		"queries": "p q r",
		"results": [
			{
				"where": "text/rfcs/rfc475.txt",
				"count": 229,
				"score": 0.070942
			}
		]
	},
	{
		"queries": "p q r s t",
		"results": [
			{
				"where": "text/rfcs/rfc475.txt",
				"count": 959,
				"score": 0.297088
			}
		]
	},
	{
		"queries": "pa pb pc pd pe pf pg ph pi pj pk pl pm",
		"results": [
			{
				"where": "text/rfcs/rfc475.txt",
				"count": 23,
				"score": 0.007125
			}
		]
	},
	{
		"queries": "pa pe pi po pu",
		"results": [
			{
				"where": "text/rfcs/rfc475.txt",
				"count": 34,
				"score": 0.010533
			}
		]
	},
	{
		"queries": "pn po pp pq pr ps pt pu pv pw px py pz",
		"results": [
			{
				"where": "text/rfcs/rfc475.txt",
				"count": 73,
				"score": 0.022615
			}
		]
	},
	{
		"queries": "q",
		"results": [
			{
				"where": "text/rfcs/rfc475.txt",
				"count": 4,
				"score": 0.001239
			}
		]
	},
	{
		"queries": "q r",
		"results": [
			{
				"where": "text/rfcs/rfc475.txt",
				"count": 133,
				"score": 0.041202
			}
		]
	},
	{
		"queries": "q r s t",
		"results": [
			{
				"where": "text/rfcs/rfc475.txt",
				"count": 863,
				"score": 0.267348
			}
		]
	},
	{
		"queries": "q r s t u v w x",
		"results": [
			{
				"where": "text/rfcs/rfc475.txt",
				"count": 1088,
				"score": 0.337051
			}
		]
	},
	{
		"queries": "qa qb qc qd qe qf qg qh qi qj qk ql qm",
		"results": [
		]
	},
	{
		"queries": "qa qe qi qo qu",
		"results": [
			{
				"where": "text/rfcs/rfc475.txt",
				"count": 4,
				"score": 0.001239
			}
		]
	},
	{
		"queries": "qn qo qp qq qr qs qt qu qv qw qx qy qz",
		"results": [
			{
				"where": "text/rfcs/rfc475.txt",
				"count": 4,
				"score": 0.001239
			}
		]
	},
	{
		"queries": "r",
		"results": [
			{
				"where": "text/rfcs/rfc475.txt",
				"count": 129,
				"score": 0.039963
			}
		]
	},
	{
		"queries": "ra rb rc rd re rf rg rh ri rj rk rl rm",
		"results": [
			{
				"where": "text/rfcs/rfc475.txt",
				"count": 129,
				"score": 0.039963
			}
		]
	},
	{
		"queries": "ra re ri ro ru",
		"results": [
			{
				"where": "text/rfcs/rfc475.txt",
				"count": 115,
				"score": 0.035626
			}
		]
	},
	{
		"queries": "rn ro rp rq rr rs rt ru rv rw rx ry rz",
		"results": [
		]
	},
	{
		"queries": "s",
		"results": [
			{
				"where": "text/rfcs/rfc475.txt",
				"count": 239,
				"score": 0.074040
			}
		]
	},
	{
		"queries": "s t",
		"results": [
			{
				"where": "text/rfcs/rfc475.txt",
				"count": 730,
				"score": 0.226146
			}
		]
	},
	{
		"queries": "s t u",
		"results": [
			{
				"where": "text/rfcs/rfc475.txt",
				"count": 867,
				"score": 0.268587
			}
		]
	},
	{
		"queries": "s t u v w x",
		"results": [
			{
				"where": "text/rfcs/rfc475.txt",
				"count": 955,
				"score": 0.295849
			}
		]
	},
	{
		"queries": "sa sb sc sd se sf sg sh si sj sk sl sm",
		"results": [
			{
				"where": "text/rfcs/rfc475.txt",
				"count": 145,
				"score": 0.044919
			}
		]
	},
	{
		"queries": "sa se si so su",
		"results": [
			{
				"where": "text/rfcs/rfc475.txt",
				"count": 158,
				"score": 0.048947
			}
		]
	},
	{
		"queries": "sn so sp sq sr ss st su sv sw sx sy sz",
		"results": [
			{
				"where": "text/rfcs/rfc475.txt",
				"count": 94,
				"score": 0.029120
			}
		]
	},
	{
		"queries": "t",
		"results": [
			{
				"where": "text/rfcs/rfc475.txt",
				"count": 491,
				"score": 0.152107
			}
		]
	},
	{
		"queries": "ta tb tc td te tf tg th ti tj tk tl tm",
		"results": [
			{
				"where": "text/rfcs/rfc475.txt",
				"count": 377,
				"score": 0.116791
			}
		]
	},
	{
		"queries": "ta te ti to tu",
		"results": [
			{
				"where": "text/rfcs/rfc475.txt",
				"count": 142,
				"score": 0.043990
			}
		]
	},
	{
		"queries": "tn to tp tq tr ts tt tu tv tw tx ty tz",
		"results": [
			{
				"where": "text/rfcs/rfc475.txt",
				"count": 114,
				"score": 0.035316
			}
		]
	},
	{
		"queries": "u",
		"results": [
			{
				"where": "text/rfcs/rfc475.txt",
				"count": 137,
				"score": 0.042441
			}
		]
	},
	{
		"queries": "u v",
		"results": [
			{
				"where": "text/rfcs/rfc475.txt",
				"count": 153,
				"score": 0.047398
			}
		]
	},
	{
		"queries": "u v w x",
		"results": [
			{
				"where": "text/rfcs/rfc475.txt",
				"count": 225,
				"score": 0.069703
			}
		]
	},
	{
		"queries": "u v w x y",
		"results": [
			{
				"where": "text/rfcs/rfc475.txt",
				"count": 225,
				"score": 0.069703
			}
		]
	},
	{
		"queries": "ua ub uc ud ue uf ug uh ui uj uk ul um",
		"results": [
		]
	},
	{
		"queries": "ua ue ui uo uu",
		"results": [
		]
	},
	{
		"queries": "un uo up uq ur us ut uu uv uw ux uy uz",
		"results": [
			{
				"where": "text/rfcs/rfc475.txt",
				"count": 136,
				"score": 0.042131
			}
		]
	},
	{
		"queries": "v",
		"results": [
			{
				"where": "text/rfcs/rfc475.txt",
				"count": 16,
				"score": 0.004957
			}
		]
	},
	{
		"queries": "v w x",
		"results": [
			{
				"where": "text/rfcs/rfc475.txt",
				"count": 88,
				"score": 0.027261
			}
		]
	},
	{
		"queries": "va vb vc vd ve vf vg vh vi vj vk vl vm",
		"results": [
			{
				"where": "text/rfcs/rfc475.txt",
				"count": 16,
				"score": 0.004957
			}
		]
	},
	{
		"queries": "va ve vi vo vu",
		"results": [
			{
				"where": "text/rfcs/rfc475.txt",
				"count": 16,
				"score": 0.004957
			}
		]
	},
	{
		"queries": "vn vo vp vq vr vs vt vu vv vw vx vy vz",
		"results": [
		]
	},
	{
		"queries": "w",
		"results": [
			{
				"where": "text/rfcs/rfc475.txt",
				"count": 71,
				"score": 0.021995
			}
		]
	},
	{
		"queries": "w x",
		"results": [
			{
				"where": "text/rfcs/rfc475.txt",
				"count": 72,
				"score": 0.022305
			}
		]
	},
	{
		"queries": "wa wb wc wd we wf wg wh wi wj wk wl wm",
		"results": [
			{
				"where": "text/rfcs/rfc475.txt",
				"count": 65,
				"score": 0.020136
			}
		]
	},
	{
		"queries": "wa we wi wo wu",
		"results": [
			{
				"where": "text/rfcs/rfc475.txt",
				"count": 46,
				"score": 0.014250
			}
		]
	},
	{
		"queries": "wn wo wp wq wr ws wt wu wv ww wx wy wz",
		"results": [
			{
				"where": "text/rfcs/rfc475.txt",
				"count": 6,
				"score": 0.001859
			}
		]
	},
	{
		"queries": "x",
		"results": [
			{
				"where": "text/rfcs/rfc475.txt",
				"count": 1,
				"score": 0.000310
			}
		]
	},
	{
		"queries": "xa xb xc xd xe xf xg xh xi xj xk xl xm",
		"results": [
		]
	},
	{
		"queries": "xa xe xi xo xu",
		"results": [
		]
	},
	{
		"queries": "xn xo xp xq xr xs xt xu xv xw xx xy xz",
		"results": [
		]
	},
	{
		"queries": "y",
		"results": [
		]
	},
	{
		"queries": "y z",
		"results": [
		]
	},
	{
		"queries": "ya yb yc yd ye yf yg yh yi yj yk yl ym",
		"results": [
		]
	},
	{
		"queries": "ya ye yi yo yu",
		"results": [
		]
	},
	{
		"queries": "yn yo yp yq yr ys yt yu yv yw yx yy yz",
		"results": [
		]
	},
	{
		"queries": "z",
		"results": [
		]
	},
	{
		"queries": "za zb zc zd ze zf zg zh zi zj zk zl zm",
		"results": [
		]
	},
	{
		"queries": "za ze zi zo zu",
		"results": [
		]
	},
	{
		"queries": "zn zo zp zq zr zs zt zu zv zw zx zy zz",
		"results": [
		]
	}
]