[
	{
		"queries": "a",
		"results": [
			{
				"where": "text/simple/symbols.txt",
				"count": 10,
				"score": 1.000000
			},
			{
				"where": "text/simple/digits.txt",
				"count": 2,
				"score": 1.000000
			},
			{
				"where": "text/simple/a/b/c/d/subdir.txt",
				"count": 1,
				"score": 1.000000
			},
			{
				"where": "text/simple/animals_double.text",
				"count": 2,
				"score": 0.090909
			},
			{
				"where": "text/simple/animals.text",
				"count": 1,
				"score": 0.090909
			},
			{
				"where": "text/simple/animals_copy.text",
				"count": 1,
				"score": 0.090909
			}
		]
	},
	{
		"queries": "a b",
		"results": [
			{
				"where": "text/simple/symbols.txt",
				"count": 10,
				"score": 1.000000
			},
			{
				"where": "text/simple/digits.txt",
				"count": 2,
				"score": 1.000000
			},
			{
				"where": "text/simple/a/b/c/d/subdir.txt",
				"count": 1,
				"score": 1.000000
			},
			{
				"where": "text/simple/animals_double.text",
				"count": 2,
				"score": 0.090909
			},
			{
				"where": "text/simple/animals.text",
				"count": 1,
				"score": 0.090909
			},
			{
				"where": "text/simple/animals_copy.text",
				"count": 1,
				"score": 0.090909
			}
		]
	},
	{
		"queries": "a b c",
		"results": [
			{
				"where": "text/simple/symbols.txt",
				"count": 10,
				"score": 1.000000
			},
			{
				"where": "text/simple/digits.txt",
				"count": 2,
				"score": 1.000000
			},
			{
				"where": "text/simple/a/b/c/d/subdir.txt",
				"count": 1,
				"score": 1.000000
			},
			{
				"where": "text/simple/capital_extension.TXT",
				"count": 1,
				"score": 1.000000
			},
			{
				"where": "text/simple/animals_double.text",
				"count": 2,
				"score": 0.090909
			},
			{
				"where": "text/simple/animals.text",
				"count": 1,
				"score": 0.090909
			},
			{
				"where": "text/simple/animals_copy.text",
				"count": 1,
				"score": 0.090909
			}
		]
	},
	{
		"queries": "a b c d",
		"results": [
			{
				"where": "text/simple/symbols.txt",
				"count": 10,
				"score": 1.000000
			},
			{
				"where": "text/simple/digits.txt",
				"count": 2,
				"score": 1.000000
			},
			{
				"where": "text/simple/a/b/c/d/subdir.txt",
				"count": 1,
				"score": 1.000000
			},
			{
				"where": "text/simple/capital_extension.TXT",
				"count": 1,
				"score": 1.000000
			},
			{
				"where": "text/simple/animals_double.text",
				"count": 2,
				"score": 0.090909
			},
			{
				"where": "text/simple/animals.text",
				"count": 1,
				"score": 0.090909
			},
			{
				"where": "text/simple/animals_copy.text",
				"count": 1,
				"score": 0.090909
			}
		]
	},
	{
		"queries": "a b c d e",
		"results": [
			{
				"where": "text/simple/symbols.txt",
				"count": 10,
				"score": 1.000000
			},
			{
				"where": "text/simple/capitals.txt",
				"count": 4,
				"score": 1.000000
			},
			{
				"where": "text/simple/digits.txt",
				"count": 2,
				"score": 1.000000
			},
			{
				"where": "text/simple/a/b/c/d/subdir.txt",
				"count": 1,
				"score": 1.000000
			},
			{
				"where": "text/simple/capital_extension.TXT",
				"count": 1,
				"score": 1.000000
			},
			{
				"where": "text/simple/animals_double.text",
				"count": 4,
				"score": 0.181818
			},
			{
				"where": "text/simple/animals.text",
				"count": 2,
				"score": 0.181818
			},
			{
				"where": "text/simple/animals_copy.text",
				"count": 2,
				"score": 0.181818
			},
			{
				"where": "text/simple/position.teXt",
				"count": 3,
				"score": 0.150000
			}
		]
	},
	{
		"queries": "a b c d e f",
		"results": [
			{
				"where": "text/simple/symbols.txt",
				"count": 10,
				"score": 1.000000
			},
			{
				"where": "text/simple/capitals.txt",
				"count": 4,
				"score": 1.000000
			},
			{
				"where": "text/simple/digits.txt",
				"count": 2,
				"score": 1.000000
			},
			{
				"where": "text/simple/a/b/c/d/subdir.txt",
				"count": 1,
				"score": 1.000000
			},
			{
				"where": "text/simple/capital_extension.TXT",
				"count": 1,
				"score": 1.000000
			},
			{
				"where": "text/simple/position.teXt",
				"count": 7,
				"score": 0.350000
			},
			{
				"where": "text/simple/animals_double.text",
				"count": 4,
				"score": 0.181818
			},
			{
				"where": "text/simple/animals.text",
				"count": 2,
				"score": 0.181818
			},
			{
				"where": "text/simple/animals_copy.text",
				"count": 2,
				"score": 0.181818
			}
		]
	},
	{
		"queries": "a b c d e f g",
		"results": [
			{
				"where": "text/simple/symbols.txt",
				"count": 10,
				"score": 1.000000
			},
			{
				"where": "text/simple/capitals.txt",
				"count": 4,
				"score": 1.000000
			},
			{
				"where": "text/simple/digits.txt",
				"count": 2,
				"score": 1.000000
			},
			{
				"where": "text/simple/a/b/c/d/subdir.txt",
				"count": 1,
				"score": 1.000000
			},
			{
				"where": "text/simple/capital_extension.TXT",
				"count": 1,
				"score": 1.000000
			},
			{
				"where": "text/simple/position.teXt",
				"count": 7,
				"score": 0.350000
			},
			{
				"where": "text/simple/animals_double.text",
				"count": 4,
				"score": 0.181818
			},
			{
				"where": "text/simple/animals.text",
				"count": 2,
				"score": 0.181818
			},
			{
				"where": "text/simple/animals_copy.text",
				"count": 2,
				"score": 0.181818
			}
		]
	},
	{
		"queries": "a b c d e f g h",
		"results": [
			{
				"where": "text/simple/symbols.txt",
				"count": 10,
				"score": 1.000000
			},
			{
				"where": "text/simple/capitals.txt",
				"count": 4,
				"score": 1.000000
			},
			{
				"where": "text/simple/digits.txt",
				"count": 2,
				"score": 1.000000
			},
			{
				"where": "text/simple/.txt/hidden.txt",
				"count": 1,
				"score": 1.000000
			},
			{
				"where": "text/simple/a/b/c/d/subdir.txt",
				"count": 1,
				"score": 1.000000
			},
			{
				"where": "text/simple/capital_extension.TXT",
				"count": 1,
				"score": 1.000000
			},
			{
				"where": "text/simple/hello.txt",
				"count": 3,
				"score": 0.500000
			},
			{
				"where": "text/simple/position.teXt",
				"count": 7,
				"score": 0.350000
			},
			{
				"where": "text/simple/animals_double.text",
				"count": 4,
				"score": 0.181818
			},
			{
				"where": "text/simple/animals.text",
				"count": 2,
				"score": 0.181818
			},
			{
				"where": "text/simple/animals_copy.text",
				"count": 2,
				"score": 0.181818
			}
		]
	},
	{
		"queries": "a b c d e f g h i",
		"results": [
			{
				"where": "text/simple/symbols.txt",
				"count": 10,
				"score": 1.000000
			},
			{
				"where": "text/simple/capitals.txt",
				"count": 4,
				"score": 1.000000
			},
			{
				"where": "text/simple/digits.txt",
				"count": 2,
				"score": 1.000000
			},
			{
				"where": "text/simple/.txt/hidden.txt",
				"count": 1,
				"score": 1.000000
			},
			{
				"where": "text/simple/a/b/c/d/subdir.txt",
				"count": 1,
				"score": 1.000000
			},
			{
				"where": "text/simple/capital_extension.TXT",
				"count": 1,
				"score": 1.000000
			},
			{
				"where": "text/simple/hello.txt",
				"count": 3,
				"score": 0.500000
			},
			{
				"where": "text/simple/position.teXt",
				"count": 7,
				"score": 0.350000
			},
			{
				"where": "text/simple/animals_double.text",
				"count": 4,
				"score": 0.181818
			},
			{
				"where": "text/simple/animals.text",
				"count": 2,
				"score": 0.181818
			},
			{
				"where": "text/simple/animals_copy.text",
				"count": 2,
				"score": 0.181818
			}
		]
	},
	{
		"queries": "a b c d e f g h i j",
		"results": [
			{
				"where": "text/simple/symbols.txt",
				"count": 10,
				"score": 1.000000
			},
			{
				"where": "text/simple/capitals.txt",
				"count": 4,
				"score": 1.000000
			},
			{
				"where": "text/simple/digits.txt",
				"count": 2,
				"score": 1.000000
			},
			{
				"where": "text/simple/.txt/hidden.txt",
				"count": 1,
				"score": 1.000000
			},
			{
				"where": "text/simple/a/b/c/d/subdir.txt",
				"count": 1,
				"score": 1.000000
			},
			{
				"where": "text/simple/capital_extension.TXT",
				"count": 1,
				"score": 1.000000
			},
			{
				"where": "text/simple/hello.txt",
				"count": 3,
				"score": 0.500000
			},
			{
				"where": "text/simple/position.teXt",
				"count": 7,
				"score": 0.350000
			},
			{
				"where": "text/simple/animals_double.text",
				"count": 4,
				"score": 0.181818
			},
			{
				"where": "text/simple/animals.text",
				"count": 2,
				"score": 0.181818
			},
			{
				"where": "text/simple/animals_copy.text",
				"count": 2,
				"score": 0.181818
			}
		]
	},
	{
		"queries": "aa ab ac ad ae af ag ah ai aj ak al am",
		"results": [
			{
				"where": "text/simple/digits.txt",
				"count": 2,
				"score": 1.000000
			},
			{
				"where": "text/simple/a/b/c/d/subdir.txt",
				"count": 1,
				"score": 1.000000
			}
		]
	},
	{
		"queries": "aa ae ai ao au",
		"results": [
			{
				"where": "text/simple/digits.txt",
				"count": 2,
				"score": 1.000000
			}
		]
	},
	{
		"queries": "aa ee ii oo uu",
		"results": [
			{
				"where": "text/simple/digits.txt",
				"count": 2,
				"score": 1.000000
			}
		]
	},
	{
		"queries": "an ao ap aq ar as at au av aw ax ay az",
		"results": [
			{
				"where": "text/simple/symbols.txt",
				"count": 10,
				"score": 1.000000
			},
			{
				"where": "text/simple/animals_double.text",
				"count": 2,
				"score": 0.090909
			},
			{
				"where": "text/simple/animals.text",
				"count": 1,
				"score": 0.090909
			},
			{
				"where": "text/simple/animals_copy.text",
				"count": 1,
				"score": 0.090909
			}
		]
	},
	{
		"queries": "b",
		"results": [
		]
	},
	{
		"queries": "ba bb bc bd be bf bg bh bi bj bk bl bm",
		"results": [
		]
	},
	{
		"queries": "ba be bi bo bu",
		"results": [
		]
	},
	{
		"queries": "bn bo bp bq br bs bt bu bv bw bx by bz",
		"results": [
		]
	},
	{
		"queries": "c",
		"results": [
			{
				"where": "text/simple/capital_extension.TXT",
				"count": 1,
				"score": 1.000000
			}
		]
	},
	{
		"queries": "c d",
		"results": [
			{
				"where": "text/simple/capital_extension.TXT",
				"count": 1,
				"score": 1.000000
			}
		]
	},
	{
		"queries": "ca cb cc cd ce cf cg ch ci cj ck cl cm",
		"results": [
			{
				"where": "text/simple/capital_extension.TXT",
				"count": 1,
				"score": 1.000000
			}
		]
	},
	{
		"queries": "ca ce ci co cu",
		"results": [
			{
				"where": "text/simple/capital_extension.TXT",
				"count": 1,
				"score": 1.000000
			}
		]
	},
	{
		"queries": "cn co cp cq cr cs ct cu cv cw cx cy cz",
		"results": [
		]
	},
	{
		"queries": "d",
		"results": [
		]
	},
	{
		"queries": "d e f",
		"results": [
			{
				"where": "text/simple/capitals.txt",
				"count": 4,
				"score": 1.000000
			},
			{
				"where": "text/simple/position.teXt",
				"count": 7,
				"score": 0.350000
			},
			{
				"where": "text/simple/animals_double.text",
				"count": 2,
				"score": 0.090909
			},
			{
				"where": "text/simple/animals.text",
				"count": 1,
				"score": 0.090909
			},
			{
				"where": "text/simple/animals_copy.text",
				"count": 1,
				"score": 0.090909
			}
		]
	},
	{
		"queries": "da db dc dd de df dg dh di dj dk dl dm",
		"results": [
		]
	},
	{
		"queries": "da de di do du",
		"results": [
		]
	},
	{
		"queries": "dn do dp dq dr ds dt du dv dw dx dy dz",
		"results": [
		]
	},
	{
		"queries": "e",
		"results": [
			{
				"where": "text/simple/capitals.txt",
				"count": 4,
				"score": 1.000000
			},
			{
				"where": "text/simple/position.teXt",
				"count": 3,
				"score": 0.150000
			},
			{
				"where": "text/simple/animals_double.text",
				"count": 2,
				"score": 0.090909
			},
			{
				"where": "text/simple/animals.text",
				"count": 1,
				"score": 0.090909
			},
			{
				"where": "text/simple/animals_copy.text",
				"count": 1,
				"score": 0.090909
			}
		]
	},
	{
		"queries": "e f",
		"results": [
			{
				"where": "text/simple/capitals.txt",
				"count": 4,
				"score": 1.000000
			},
			{
				"where": "text/simple/position.teXt",
				"count": 7,
				"score": 0.350000
			},
			{
				"where": "text/simple/animals_double.text",
				"count": 2,
				"score": 0.090909
			},
			{
				"where": "text/simple/animals.text",
				"count": 1,
				"score": 0.090909
			},
			{
				"where": "text/simple/animals_copy.text",
				"count": 1,
				"score": 0.090909
			}
		]
	},
	{
		"queries": "e f g h",
		"results": [
			{
				"where": "text/simple/capitals.txt",
				"count": 4,
				"score": 1.000000
			},
			{
				"where": "text/simple/.txt/hidden.txt",
				"count": 1,
				"score": 1.000000
			},
			{
				"where": "text/simple/hello.txt",
				"count": 3,
				"score": 0.500000
			},
			{
				"where": "text/simple/position.teXt",
				"count": 7,
				"score": 0.350000
			},
			{
				"where": "text/simple/animals_double.text",
				"count": 2,
				"score": 0.090909
			},
			{
				"where": "text/simple/animals.text",
				"count": 1,
				"score": 0.090909
			},
			{
				"where": "text/simple/animals_copy.text",
				"count": 1,
				"score": 0.090909
			}
		]
	},
	{
		"queries": "ea eb ec ed ee ef eg eh ei ej ek el em",
		"results": [
			{
				"where": "text/simple/capitals.txt",
				"count": 4,
				"score": 1.000000
			},
			{
				"where": "text/simple/position.teXt",
				"count": 3,
				"score": 0.150000
			},
			{
				"where": "text/simple/animals_double.text",
				"count": 2,
				"score": 0.090909
			},
			{
				"where": "text/simple/animals.text",
				"count": 1,
				"score": 0.090909
			},
			{
				"where": "text/simple/animals_copy.text",
				"count": 1,
				"score": 0.090909
			}
		]
	},
	{
		"queries": "ea ee ei eo eu",
		"results": [
			{
				"where": "text/simple/position.teXt",
				"count": 2,
				"score": 0.100000
			}
		]
	},
	{
		"queries": "en eo ep eq er es et eu ev ew ex ey ez",
		"results": [
		]
	},
	{
		"queries": "f",
		"results": [
			{
				"where": "text/simple/position.teXt",
				"count": 4,
				"score": 0.200000
			}
		]
	},
	{
		"queries": "f g h i j",
		"results": [
			{
				"where": "text/simple/.txt/hidden.txt",
				"count": 1,
				"score": 1.000000
			},
			{
				"where": "text/simple/hello.txt",
				"count": 3,
				"score": 0.500000
			},
			{
				"where": "text/simple/position.teXt",
				"count": 4,
				"score": 0.200000
			}
		]
	},
	{
		"queries": "fa fb fc fd fe ff fg fh fi fj fk fl fm",
		"results": [
			{
				"where": "text/simple/position.teXt",
				"count": 2,
				"score": 0.100000
			}
		]
	},
	{
		"queries": "fa fe fi fo fu",
		"results": [
			{
				"where": "text/simple/position.teXt",
				"count": 4,
				"score": 0.200000
			}
		]
	},
	{
		"queries": "fn fo fp fq fr fs ft fu fv fw fx fy fz",
		"results": [
			{
				"where": "text/simple/position.teXt",
				"count": 2,
				"score": 0.100000
			}
		]
	},
	{
		"queries": "g",
		"results": [
		]
	},
	{
		"queries": "g h",
		"results": [
			{
				"where": "text/simple/.txt/hidden.txt",
				"count": 1,
				"score": 1.000000
			},
			{
				"where": "text/simple/hello.txt",
				"count": 3,
				"score": 0.500000
			}
		]
	},
	{
		"queries": "g h i",
		"results": [
			{
				"where": "text/simple/.txt/hidden.txt",
				"count": 1,
				"score": 1.000000
			},
			{
				"where": "text/simple/hello.txt",
				"count": 3,
				"score": 0.500000
			}
		]
	},
	{
		"queries": "g h i j k l",
		"results": [
			{
				"where": "text/simple/.txt/hidden.txt",
				"count": 1,
				"score": 1.000000
			},
			{
				"where": "text/simple/hello.txt",
				"count": 3,
				"score": 0.500000
			},
			{
				"where": "text/simple/animals_double.text",
				"count": 6,
				"score": 0.272727
			},
			{
				"where": "text/simple/animals.text",
				"count": 3,
				"score": 0.272727
			},
			{
				"where": "text/simple/animals_copy.text",
				"count": 3,
				"score": 0.272727
			}
		]
	},
	{
		"queries": "ga gb gc gd ge gf gg gh gi gj gk gl gm",
		"results": [
		]
	},
	{
		"queries": "ga ge gi go gu",
		"results": [
		]
	},
	{
		"queries": "gn go gp gq gr gs gt gu gv gw gx gy gz",
		"results": [
		]
	},
	{
		"queries": "h",
		"results": [
			{
				"where": "text/simple/.txt/hidden.txt",
				"count": 1,
				"score": 1.000000
			},
			{
				"where": "text/simple/hello.txt",
				"count": 3,
				"score": 0.500000
			}
		]
	},
	{
		"queries": "h i j k l m n",
		"results": [
			{
				"where": "text/simple/.txt/hidden.txt",
				"count": 1,
				"score": 1.000000
			},
			{
				"where": "text/simple/hello.txt",
				"count": 3,
				"score": 0.500000
			},
			{
				"where": "text/simple/animals_double.text",
				"count": 10,
				"score": 0.454545
			},
			{
				"where": "text/simple/animals.text",
				"count": 5,
				"score": 0.454545
			},
			{
				"where": "text/simple/animals_copy.text",
				"count": 5,
				"score": 0.454545
			},
			{
				"where": "text/simple/position.teXt",
				"count": 2,
				"score": 0.100000
			}
		]
	},
	{
		"queries": "ha hb hc hd he hf hg hh hi hj hk hl hm",
		"results": [
			{
				"where": "text/simple/.txt/hidden.txt",
				"count": 1,
				"score": 1.000000
			},
			{
				"where": "text/simple/hello.txt",
				"count": 3,
				"score": 0.500000
			}
		]
	},
	{
		"queries": "ha he hi ho hu",
		"results": [
			{
				"where": "text/simple/.txt/hidden.txt",
				"count": 1,
				"score": 1.000000
			},
			{
				"where": "text/simple/hello.txt",
				"count": 3,
				"score": 0.500000
			}
		]
	},
	{
		"queries": "hn ho hp hq hr hs ht hu hv hw hx hy hz",
		"results": [
		]
	},
	{
		"queries": "i",
		"results": [
		]
	},
	{
		"queries": "i j",
		"results": [
		]
	},
	{
		"queries": "i j k l",
		"results": [
			{
				"where": "text/simple/animals_double.text",
				"count": 6,
				"score": 0.272727
			},
			{
				"where": "text/simple/animals.text",
				"count": 3,
				"score": 0.272727
			},
			{
				"where": "text/simple/animals_copy.text",
				"count": 3,
				"score": 0.272727
			}
		]
	},
	{
		"queries": "i j k l m n o p",
		"results": [
			{
				"where": "text/simple/words.tExT",
				"count": 24,
				"score": 1.000000
			},
			{
				"where": "text/simple/animals_double.text",
				"count": 16,
				"score": 0.727273
			},
			{
				"where": "text/simple/animals.text",
				"count": 8,
				"score": 0.727273
			},
			{
				"where": "text/simple/animals_copy.text",
				"count": 8,
				"score": 0.727273
			},
			{
				"where": "text/simple/position.teXt",
				"count": 3,
				"score": 0.150000
			}
		]
	},
	{
		"queries": "ia ib ic id ie if ig ih ii ij ik il im",
		"results": [
		]
	},
	{
		"queries": "ia ie ii io iu",
		"results": [
		]
	},
	{
		"queries": "in io ip iq ir is it iu iv iw ix iy iz",
		"results": [
		]
	},
	{
		"queries": "j",
		"results": [
		]
	},
	{
		"queries": "j k l",
		"results": [
			{
				"where": "text/simple/animals_double.text",
				"count": 6,
				"score": 0.272727
			},
			{
				"where": "text/simple/animals.text",
				"count": 3,
				"score": 0.272727
			},
			{
				"where": "text/simple/animals_copy.text",
				"count": 3,
				"score": 0.272727
			}
		]
	},
	{
		"queries": "j k l m n o p q r",
		"results": [
			{
				"where": "text/simple/words.tExT",
				"count": 24,
				"score": 1.000000
			},
			{
				"where": "text/simple/animals_double.text",
				"count": 16,
				"score": 0.727273
			},
			{
				"where": "text/simple/animals.text",
				"count": 8,
				"score": 0.727273
			},
			{
				"where": "text/simple/animals_copy.text",
				"count": 8,
				"score": 0.727273
			},
			{
				"where": "text/simple/position.teXt",
				"count": 3,
				"score": 0.150000
			}
		]
	},
	{
		"queries": "ja jb jc jd je jf jg jh ji jj jk jl jm",
		"results": [
		]
	},
	{
		"queries": "ja je ji jo ju",
		"results": [
		]
	},
	{
		"queries": "jn jo jp jq jr js jt ju jv jw jx jy jz",
		"results": [
		]
	},
	{
		"queries": "k",
		"results": [
		]
	},
	{
		"queries": "k l",
		"results": [
			{
				"where": "text/simple/animals_double.text",
				"count": 6,
				"score": 0.272727
			},
			{
				"where": "text/simple/animals.text",
				"count": 3,
				"score": 0.272727
			},
			{
				"where": "text/simple/animals_copy.text",
				"count": 3,
				"score": 0.272727
			}
		]
	},
	{
		"queries": "k l m n o",
		"results": [
			{
				"where": "text/simple/animals_double.text",
				"count": 14,
				"score": 0.636364
			},
			{
				"where": "text/simple/animals.text",
				"count": 7,
				"score": 0.636364
			},
			{
				"where": "text/simple/animals_copy.text",
				"count": 7,
				"score": 0.636364
			},
			{
				"where": "text/simple/words.tExT",
				"count": 13,
				"score": 0.541667
			},
			{
				"where": "text/simple/position.teXt",
				"count": 3,
				"score": 0.150000
			}
		]
	},
	{
		"queries": "k l m n o p q r s t",
		"results": [
			{
				"where": "text/simple/words.tExT",
				"count": 24,
				"score": 1.000000
			},
			{
				"where": "text/simple/animals_double.text",
				"count": 18,
				"score": 0.818182
			},
			{
				"where": "text/simple/animals.text",
				"count": 9,
				"score": 0.818182
			},
			{
				"where": "text/simple/animals_copy.text",
				"count": 9,
				"score": 0.818182
			},
			{
				"where": "text/simple/position.teXt",
				"count": 13,
				"score": 0.650000
			}
		]
	},
	{
		"queries": "ka kb kc kd ke kf kg kh ki kj kk kl km",
		"results": [
		]
	},
	{
		"queries": "ka ke ki ko ku",
		"results": [
		]
	},
	{
		"queries": "kn ko kp kq kr ks kt ku kv kw kx ky kz",
		"results": [
		]
	},
	{
		"queries": "l",
		"results": [
			{
				"where": "text/simple/animals_double.text",
				"count": 6,
				"score": 0.272727
			},
			{
				"where": "text/simple/animals.text",
				"count": 3,
				"score": 0.272727
			},
			{
				"where": "text/simple/animals_copy.text",
				"count": 3,
				"score": 0.272727
			}
		]
	},
	{
		"queries": "la lb lc ld le lf lg lh li lj lk ll lm",
		"results": [
		]
	},
	{
		"queries": "la le li lo lu",
		"results": [
			{
				"where": "text/simple/animals_double.text",
				"count": 6,
				"score": 0.272727
			},
			{
				"where": "text/simple/animals.text",
				"count": 3,
				"score": 0.272727
			},
			{
				"where": "text/simple/animals_copy.text",
				"count": 3,
				"score": 0.272727
			}
		]
	},
	{
		"queries": "ln lo lp lq lr ls lt lu lv lw lx ly lz",
		"results": [
			{
				"where": "text/simple/animals_double.text",
				"count": 6,
				"score": 0.272727
			},
			{
				"where": "text/simple/animals.text",
				"count": 3,
				"score": 0.272727
			},
			{
				"where": "text/simple/animals_copy.text",
				"count": 3,
				"score": 0.272727
			}
		]
	},
	{
		"queries": "m",
		"results": [
			{
				"where": "text/simple/animals_double.text",
				"count": 2,
				"score": 0.090909
			},
			{
				"where": "text/simple/animals.text",
				"count": 1,
				"score": 0.090909
			},
			{
				"where": "text/simple/animals_copy.text",
				"count": 1,
				"score": 0.090909
			}
		]
	},
	{
		"queries": "m n",
		"results": [
			{
				"where": "text/simple/animals_double.text",
				"count": 4,
				"score": 0.181818
			},
			{
				"where": "text/simple/animals.text",
				"count": 2,
				"score": 0.181818
			},
			{
				"where": "text/simple/animals_copy.text",
				"count": 2,
				"score": 0.181818
			},
			{
				"where": "text/simple/position.teXt",
				"count": 2,
				"score": 0.100000
			}
		]
	},
	{
		"queries": "m n o",
		"results": [
			{
				"where": "text/simple/words.tExT",
				"count": 13,
				"score": 0.541667
			},
			{
				"where": "text/simple/animals_double.text",
				"count": 8,
				"score": 0.363636
			},
			{
				"where": "text/simple/animals.text",
				"count": 4,
				"score": 0.363636
			},
			{
				"where": "text/simple/animals_copy.text",
				"count": 4,
				"score": 0.363636
			},
			{
				"where": "text/simple/position.teXt",
				"count": 3,
				"score": 0.150000
			}
		]
	},
	{
		"queries": "m n o p",
		"results": [
			{
				"where": "text/simple/words.tExT",
				"count": 24,
				"score": 1.000000
			},
			{
				"where": "text/simple/animals_double.text",
				"count": 10,
				"score": 0.454545
			},
			{
				"where": "text/simple/animals.text",
				"count": 5,
				"score": 0.454545
			},
			{
				"where": "text/simple/animals_copy.text",
				"count": 5,
				"score": 0.454545
			},
			{
				"where": "text/simple/position.teXt",
				"count": 3,
				"score": 0.150000
			}
		]
	},
	{
		"queries": "m n o p q r",
		"results": [
			{
				"where": "text/simple/words.tExT",
				"count": 24,
				"score": 1.000000
			},
			{
				"where": "text/simple/animals_double.text",
				"count": 10,
				"score": 0.454545
			},
			{
				"where": "text/simple/animals.text",
				"count": 5,
				"score": 0.454545
			},
			{
				"where": "text/simple/animals_copy.text",
				"count": 5,
				"score": 0.454545
			},
			{
				"where": "text/simple/position.teXt",
				"count": 3,
				"score": 0.150000
			}
		]
	},
	{
		"queries": "ma mb mc md me mf mg mh mi mj mk ml mm",
		"results": [
		]
	},
	{
		"queries": "ma me mi mo mu",
		"results": [
			{
				"where": "text/simple/animals_double.text",
				"count": 2,
				"score": 0.090909
			},
			{
				"where": "text/simple/animals.text",
				"count": 1,
				"score": 0.090909
			},
			{
				"where": "text/simple/animals_copy.text",
				"count": 1,
				"score": 0.090909
			}
		]
	},
	{
		"queries": "mn mo mp mq mr ms mt mu mv mw mx my mz",
		"results": [
			{
				"where": "text/simple/animals_double.text",
				"count": 2,
				"score": 0.090909
			},
			{
				"where": "text/simple/animals.text",
				"count": 1,
				"score": 0.090909
			},
			{
				"where": "text/simple/animals_copy.text",
				"count": 1,
				"score": 0.090909
			}
		]
	},
	{
		"queries": "n",
		"results": [
			{
				"where": "text/simple/position.teXt",
				"count": 2,
				"score": 0.100000
			},
			{
				"where": "text/simple/animals_double.text",
				"count": 2,
				"score": 0.090909
			},
			{
				"where": "text/simple/animals.text",
				"count": 1,
				"score": 0.090909
			},
			{
				"where": "text/simple/animals_copy.text",
				"count": 1,
				"score": 0.090909
			}
		]
	},
	{
		"queries": "na nb nc nd ne nf ng nh ni nj nk nl nm",
		"results": [
			{
				"where": "text/simple/position.teXt",
				"count": 2,
				"score": 0.100000
			},
			{
				"where": "text/simple/animals_double.text",
				"count": 2,
				"score": 0.090909
			},
			{
				"where": "text/simple/animals.text",
				"count": 1,
				"score": 0.090909
			},
			{
				"where": "text/simple/animals_copy.text",
				"count": 1,
				"score": 0.090909
			}
		]
	},
	{
		"queries": "na ne ni no nu",
		"results": [
			{
				"where": "text/simple/position.teXt",
				"count": 2,
				"score": 0.100000
			},
			{
				"where": "text/simple/animals_double.text",
				"count": 2,
				"score": 0.090909
			},
			{
				"where": "text/simple/animals.text",
				"count": 1,
				"score": 0.090909
			},
			{
				"where": "text/simple/animals_copy.text",
				"count": 1,
				"score": 0.090909
			}
		]
	},
	{
		"queries": "nn no np nq nr ns nt nu nv nw nx ny nz",
		"results": [
		]
	},
	{
		"queries": "o",
		"results": [
			{
				"where": "text/simple/words.tExT",
				"count": 13,
				"score": 0.541667
			},
			{
				"where": "text/simple/animals_double.text",
				"count": 4,
				"score": 0.181818
			},
			{
				"where": "text/simple/animals.text",
				"count": 2,
				"score": 0.181818
			},
			{
				"where": "text/simple/animals_copy.text",
				"count": 2,
				"score": 0.181818
			},
			{
				"where": "text/simple/position.teXt",
				"count": 1,
				"score": 0.050000
			}
		]
	},
	{
		"queries": "o p",
		"results": [
			{
				"where": "text/simple/words.tExT",
				"count": 24,
				"score": 1.000000
			},
			{
				"where": "text/simple/animals_double.text",
				"count": 6,
				"score": 0.272727
			},
			{
				"where": "text/simple/animals.text",
				"count": 3,
				"score": 0.272727
			},
			{
				"where": "text/simple/animals_copy.text",
				"count": 3,
				"score": 0.272727
			},
			{
				"where": "text/simple/position.teXt",
				"count": 1,
				"score": 0.050000
			}
		]
	},
	{
		"queries": "o p q r s t u",
		"results": [
			{
				"where": "text/simple/words.tExT",
				"count": 24,
				"score": 1.000000
			},
			{
				"where": "text/simple/position.teXt",
				"count": 11,
				"score": 0.550000
			},
			{
				"where": "text/simple/animals_double.text",
				"count": 8,
				"score": 0.363636
			},
			{
				"where": "text/simple/animals.text",
				"count": 4,
				"score": 0.363636
			},
			{
				"where": "text/simple/animals_copy.text",
				"count": 4,
				"score": 0.363636
			}
		]
	},
	{
		"queries": "oa ob oc od oe of og oh oi oj ok ol om",
		"results": [
			{
				"where": "text/simple/words.tExT",
				"count": 13,
				"score": 0.541667
			},
			{
				"where": "text/simple/animals_double.text",
				"count": 4,
				"score": 0.181818
			},
			{
				"where": "text/simple/animals.text",
				"count": 2,
				"score": 0.181818
			},
			{
				"where": "text/simple/animals_copy.text",
				"count": 2,
				"score": 0.181818
			}
		]
	},
	{
		"queries": "oa oe oi oo ou",
		"results": [
		]
	},
	{
		"queries": "on oo op oq or os ot ou ov ow ox oy oz",
		"results": [
			{
				"where": "text/simple/position.teXt",
				"count": 1,
				"score": 0.050000
			}
		]
	},
	{
		"queries": "p",
		"results": [
			{
				"where": "text/simple/words.tExT",
				"count": 11,
				"score": 0.458333
			},
			{
				"where": "text/simple/animals_double.text",
				"count": 2,
				"score": 0.090909
			},
			{
				"where": "text/simple/animals.text",
				"count": 1,
				"score": 0.090909
			},
			{
				"where": "text/simple/animals_copy.text",
				"count": 1,
				"score": 0.090909
			}
		]
	},
	{
		"queries": "p q r",
		"results": [
			{
				"where": "text/simple/words.tExT",
				"count": 11,
				"score": 0.458333
			},
			{
				"where": "text/simple/animals_double.text",
				"count": 2,
				"score": 0.090909
			},
			{
				"where": "text/simple/animals.text",
				"count": 1,
				"score": 0.090909
			},
			{
				"where": "text/simple/animals_copy.text",
				"count": 1,
				"score": 0.090909
			}
		]
	},
	{
		"queries": "p q r s t",
		"results": [
			{
				"where": "text/simple/position.teXt",
				"count": 10,
				"score": 0.500000
			},
			{
				"where": "text/simple/words.tExT",
				"count": 11,
				"score": 0.458333
			},
			{
				"where": "text/simple/animals_double.text",
				"count": 4,
				"score": 0.181818
			},
			{
				"where": "text/simple/animals.text",
				"count": 2,
				"score": 0.181818
			},
			{
				"where": "text/simple/animals_copy.text",
				"count": 2,
				"score": 0.181818
			}
		]
	},
	{
		"queries": "pa pb pc pd pe pf pg ph pi pj pk pl pm",
		"results": [
			{
				"where": "text/simple/words.tExT",
				"count": 11,
				"score": 0.458333
			},
			{
				"where": "text/simple/animals_double.text",
				"count": 2,
				"score": 0.090909
			},
			{
				"where": "text/simple/animals.text",
				"count": 1,
				"score": 0.090909
			},
			{
				"where": "text/simple/animals_copy.text",
				"count": 1,
				"score": 0.090909
			}
		]
	},
	{
		"queries": "pa pe pi po pu",
		"results": [
			{
				"where": "text/simple/words.tExT",
				"count": 11,
				"score": 0.458333
			}
		]
	},
	{
		"queries": "pn po pp pq pr ps pt pu pv pw px py pz",
		"results": [
		]
	},
	{
		"queries": "q",
		"results": [
		]
	},
	{
		"queries": "q r",
		"results": [
		]
	},
	{
		"queries": "q r s t",
		"results": [
			{
				"where": "text/simple/position.teXt",
				"count": 10,
				"score": 0.500000
			},
			{
				"where": "text/simple/animals_double.text",
				"count": 2,
				"score": 0.090909
			},
			{
				"where": "text/simple/animals.text",
				"count": 1,
				"score": 0.090909
			},
			{
				"where": "text/simple/animals_copy.text",
				"count": 1,
				"score": 0.090909
			}
		]
	},
	{
		"queries": "q r s t u v w x",
		"results": [
			{
				"where": "text/simple/position.teXt",
				"count": 10,
				"score": 0.500000
			},
			{
				"where": "text/simple/hello.txt",
				"count": 3,
				"score": 0.500000
			},
			{
				"where": "text/simple/animals_double.text",
				"count": 2,
				"score": 0.090909
			},
			{
				"where": "text/simple/animals.text",
				"count": 1,
				"score": 0.090909
			},
			{
				"where": "text/simple/animals_copy.text",
				"count": 1,
				"score": 0.090909
			}
		]
	},
	{
		"queries": "qa qb qc qd qe qf qg qh qi qj qk ql qm",
		"results": [
		]
	},
	{
		"queries": "qa qe qi qo qu",
		"results": [
		]
	},
	{
		"queries": "qn qo qp qq qr qs qt qu qv qw qx qy qz",
		"results": [
		]
	},
	{
		"queries": "r",
		"results": [
		]
	},
	{
		"queries": "ra rb rc rd re rf rg rh ri rj rk rl rm",
		"results": [
		]
	},
	{
		"queries": "ra re ri ro ru",
		"results": [
		]
	},
	{
		"queries": "rn ro rp rq rr rs rt ru rv rw rx ry rz",
		"results": [
		]
	},
	{
		"queries": "s",
		"results": [
			{
				"where": "text/simple/position.teXt",
				"count": 4,
				"score": 0.200000
			}
		]
	},
	{
		"queries": "s t",
		"results": [
			{
				"where": "text/simple/position.teXt",
				"count": 10,
				"score": 0.500000
			},
			{
				"where": "text/simple/animals_double.text",
				"count": 2,
				"score": 0.090909
			},
			{
				"where": "text/simple/animals.text",
				"count": 1,
				"score": 0.090909
			},
			{
				"where": "text/simple/animals_copy.text",
				"count": 1,
				"score": 0.090909
			}
		]
	},
	{
		"queries": "s t u",
		"results": [
			{
				"where": "text/simple/position.teXt",
				"count": 10,
				"score": 0.500000
			},
			{
				"where": "text/simple/animals_double.text",
				"count": 2,
				"score": 0.090909
			},
			{
				"where": "text/simple/animals.text",
				"count": 1,
				"score": 0.090909
			},
			{
				"where": "text/simple/animals_copy.text",
				"count": 1,
				"score": 0.090909
			}
		]
	},
	{
		"queries": "s t u v w x",
		"results": [
			{
				"where": "text/simple/position.teXt",
				"count": 10,
				"score": 0.500000
			},
			{
				"where": "text/simple/hello.txt",
				"count": 3,
				"score": 0.500000
			},
			{
				"where": "text/simple/animals_double.text",
				"count": 2,
				"score": 0.090909
			},
			{
				"where": "text/simple/animals.text",
				"count": 1,
				"score": 0.090909
			},
			{
				"where": "text/simple/animals_copy.text",
				"count": 1,
				"score": 0.090909
			}
		]
	},
	{
		"queries": "sa sb sc sd se sf sg sh si sj sk sl sm",
		"results": [
			{
				"where": "text/simple/position.teXt",
				"count": 4,
				"score": 0.200000
			}
		]
	},
	{
		"queries": "sa se si so su",
		"results": [
			{
				"where": "text/simple/position.teXt",
				"count": 4,
				"score": 0.200000
			}
		]
	},
	{
		"queries": "sn so sp sq sr ss st su sv sw sx sy sz",
		"results": [
		]
	},
	{
		"queries": "t",
		"results": [
			{
				"where": "text/simple/position.teXt",
				"count": 6,
				"score": 0.300000
			},
			{
				"where": "text/simple/animals_double.text",
				"count": 2,
				"score": 0.090909
			},
			{
				"where": "text/simple/animals.text",
				"count": 1,
				"score": 0.090909
			},
			{
				"where": "text/simple/animals_copy.text",
				"count": 1,
				"score": 0.090909
			}
		]
	},
	{
		"queries": "ta tb tc td te tf tg th ti tj tk tl tm",
		"results": [
			{
				"where": "text/simple/position.teXt",
				"count": 3,
				"score": 0.150000
			},
			{
				"where": "text/simple/animals_double.text",
				"count": 2,
				"score": 0.090909
			},
			{
				"where": "text/simple/animals.text",
				"count": 1,
				"score": 0.090909
			},
			{
				"where": "text/simple/animals_copy.text",
				"count": 1,
				"score": 0.090909
			}
		]
	},
	{
		"queries": "ta te ti to tu",
		"results": [
			{
				"where": "text/simple/animals_double.text",
				"count": 2,
				"score": 0.090909
			},
			{
				"where": "text/simple/animals.text",
				"count": 1,
				"score": 0.090909
			},
			{
				"where": "text/simple/animals_copy.text",
				"count": 1,
				"score": 0.090909
			},
			{
				"where": "text/simple/position.teXt",
				"count": 1,
				"score": 0.050000
			}
		]
	},
	{
		"queries": "tn to tp tq tr ts tt tu tv tw tx ty tz",
		"results": [
			{
				"where": "text/simple/position.teXt",
				"count": 3,
				"score": 0.150000
			}
		]
	},
	{
		"queries": "u",
		"results": [
		]
	},
	{
		"queries": "u v",
		"results": [
		]
	},
	{
		"queries": "u v w x",
		"results": [
			{
				"where": "text/simple/hello.txt",
				"count": 3,
				"score": 0.500000
			}
		]
	},
	{
		"queries": "u v w x y",
		"results": [
			{
				"where": "text/simple/hello.txt",
				"count": 3,
				"score": 0.500000
			}
		]
	},
	{
		"queries": "ua ub uc ud ue uf ug uh ui uj uk ul um",
		"results": [
		]
	},
	{
		"queries": "ua ue ui uo uu",
		"results": [
		]
	},
	{
		"queries": "un uo up uq ur us ut uu uv uw ux uy uz",
		"results": [
		]
	},
	{
		"queries": "v",
		"results": [
		]
	},
	{
		"queries": "v w x",
		"results": [
			{
				"where": "text/simple/hello.txt",
				"count": 3,
				"score": 0.500000
			}
		]
	},
	{
		"queries": "va vb vc vd ve vf vg vh vi vj vk vl vm",
		"results": [
		]
	},
	{
		"queries": "va ve vi vo vu",
		"results": [
		]
	},
	{
		"queries": "vn vo vp vq vr vs vt vu vv vw vx vy vz",
		"results": [
		]
	},
	{
		"queries": "w",
		"results": [
			{
				"where": "text/simple/hello.txt",
				"count": 3,
				"score": 0.500000
			}
		]
	},
	{
		"queries": "w x",
		"results": [
			{
				"where": "text/simple/hello.txt",
				"count": 3,
				"score": 0.500000
			}
		]
	},
	{
		"queries": "wa wb wc wd we wf wg wh wi wj wk wl wm",
		"results": [
		]
	},
	{
		"queries": "wa we wi wo wu",
		"results": [
			{
				"where": "text/simple/hello.txt",
				"count": 3,
				"score": 0.500000
			}
		]
	},
	{
		"queries": "wn wo wp wq wr ws wt wu wv ww wx wy wz",
		"results": [
			{
				"where": "text/simple/hello.txt",
				"count": 3,
				"score": 0.500000
			}
		]
	},
	{
		"queries": "x",
		"results": [
		]
	},
	{
		"queries": "xa xb xc xd xe xf xg xh xi xj xk xl xm",
		"results": [
		]
	},
	{
		"queries": "xa xe xi xo xu",
		"results": [
		]
	},
	{
		"queries": "xn xo xp xq xr xs xt xu xv xw xx xy xz",
		"results": [
		]
	},
	{
		"queries": "y",
		"results": [
		]
	},
	{
		"queries": "y z",
		"results": [
		]
	},
	{
		"queries": "ya yb yc yd ye yf yg yh yi yj yk yl ym",
		"results": [
		]
	},
	{
		"queries": "ya ye yi yo yu",
		"results": [
		]
	},
	{
		"queries": "yn yo yp yq yr ys yt yu yv yw yx yy yz",
		"results": [
		]
	},
	{
		"queries": "z",
		"results": [
		]
	},
	{
		"queries": "za zb zc zd ze zf zg zh zi zj zk zl zm",
		"results": [
		]
	},
	{
		"queries": "za ze zi zo zu",
		"results": [
		]
	},
	{
		"queries": "zn zo zp zq zr zs zt zu zv zw zx zy zz",
		"results": [
		]
	}
]