[
	{
		"queries": "abandon",
		"results": [
			{
				"where": "text/gutenberg/pg1322.txt",
				"count": 4,
				"score": 0.000032
			}
		]
	},
	{
		"queries": "gutenberg",
		"results": [
			{
				"where": "text/gutenberg/pg1322.txt",
				"count": 30,
				"score": 0.000241
			}
		]
	},
	{
		"queries": "nowher",
		"results": [
		]
	},
	{
		"queries": "provid",
		"results": [
			{
				"where": "text/gutenberg/pg1322.txt",
				"count": 34,
				"score": 0.000273
			}
		]
	},
	{
		"queries": "x y z",
		"results": [
			{
				"where": "text/gutenberg/pg1322.txt",
				"count": 1,
				"score": 0.000008
			}
		]
	},
	{
		"queries": "zone",
		"results": [
			{
				"where": "text/gutenberg/pg1322.txt",
				"count": 5,
				"score": 0.000040
			}
		]
	}
]